Archive member included to satisfy reference by file (symbol)

c:/coocox/8 2018-q4-major/bin/../lib/gcc/arm-none-eabi/8.2.1/thumb/v7-m/nofp\libgcc.a(_arm_addsubdf3.o)
                              ..\obj\ds18b20.o (__aeabi_f2d)
c:/coocox/8 2018-q4-major/bin/../lib/gcc/arm-none-eabi/8.2.1/thumb/v7-m/nofp\libgcc.a(_arm_muldivdf3.o)
                              ..\obj\ds18b20.o (__aeabi_dmul)
c:/coocox/8 2018-q4-major/bin/../lib/gcc/arm-none-eabi/8.2.1/thumb/v7-m/nofp\libgcc.a(_arm_fixdfsi.o)
                              ..\obj\ds18b20.o (__aeabi_d2iz)
c:/coocox/8 2018-q4-major/bin/../lib/gcc/arm-none-eabi/8.2.1/thumb/v7-m/nofp\libgcc.a(_arm_addsubsf3.o)
                              ..\obj\adc.o (__aeabi_fsub)
c:/coocox/8 2018-q4-major/bin/../lib/gcc/arm-none-eabi/8.2.1/thumb/v7-m/nofp\libgcc.a(_arm_muldivsf3.o)
                              ..\obj\ds18b20.o (__aeabi_fmul)
c:/coocox/8 2018-q4-major/bin/../lib/gcc/arm-none-eabi/8.2.1/thumb/v7-m/nofp\libgcc.a(_arm_cmpsf2.o)
                              ..\obj\prtf.o (__aeabi_fcmplt)
c:/coocox/8 2018-q4-major/bin/../lib/gcc/arm-none-eabi/8.2.1/thumb/v7-m/nofp\libgcc.a(_arm_fixunssfsi.o)
                              ..\obj\prtf.o (__aeabi_f2uiz)
c:/coocox/8 2018-q4-major/bin/../lib/gcc/arm-none-eabi/8.2.1/../../../../arm-none-eabi/lib/thumb/v7-m/nofp\libc.a(lib_a-exit.o)
                              c:/coocox/8 2018-q4-major/bin/../lib/gcc/arm-none-eabi/8.2.1/../../../../arm-none-eabi/lib/thumb/v7-m/nofp/crt0.o (exit)
c:/coocox/8 2018-q4-major/bin/../lib/gcc/arm-none-eabi/8.2.1/../../../../arm-none-eabi/lib/thumb/v7-m/nofp\libc.a(lib_a-impure.o)
                              c:/coocox/8 2018-q4-major/bin/../lib/gcc/arm-none-eabi/8.2.1/../../../../arm-none-eabi/lib/thumb/v7-m/nofp\libc.a(lib_a-exit.o) (_global_impure_ptr)
c:/coocox/8 2018-q4-major/bin/../lib/gcc/arm-none-eabi/8.2.1/../../../../arm-none-eabi/lib/thumb/v7-m/nofp\libc.a(lib_a-init.o)
                              c:/coocox/8 2018-q4-major/bin/../lib/gcc/arm-none-eabi/8.2.1/../../../../arm-none-eabi/lib/thumb/v7-m/nofp/crt0.o (__libc_init_array)
c:/coocox/8 2018-q4-major/bin/../lib/gcc/arm-none-eabi/8.2.1/../../../../arm-none-eabi/lib/thumb/v7-m/nofp\libc.a(lib_a-memset.o)
                              c:/coocox/8 2018-q4-major/bin/../lib/gcc/arm-none-eabi/8.2.1/../../../../arm-none-eabi/lib/thumb/v7-m/nofp/crt0.o (memset)
c:/coocox/8 2018-q4-major/bin/../lib/gcc/arm-none-eabi/8.2.1/../../../../arm-none-eabi/lib/thumb/v7-m/nofp\libc.a(lib_a-__call_atexit.o)
                              c:/coocox/8 2018-q4-major/bin/../lib/gcc/arm-none-eabi/8.2.1/../../../../arm-none-eabi/lib/thumb/v7-m/nofp\libc.a(lib_a-exit.o) (__call_exitprocs)
c:/coocox/8 2018-q4-major/bin/../lib/gcc/arm-none-eabi/8.2.1/../../../../arm-none-eabi/lib/thumb/v7-m/nofp\libc.a(lib_a-atexit.o)
                              c:/coocox/8 2018-q4-major/bin/../lib/gcc/arm-none-eabi/8.2.1/../../../../arm-none-eabi/lib/thumb/v7-m/nofp\libc.a(lib_a-__call_atexit.o) (atexit)
c:/coocox/8 2018-q4-major/bin/../lib/gcc/arm-none-eabi/8.2.1/../../../../arm-none-eabi/lib/thumb/v7-m/nofp\libc.a(lib_a-fini.o)
                              c:/coocox/8 2018-q4-major/bin/../lib/gcc/arm-none-eabi/8.2.1/../../../../arm-none-eabi/lib/thumb/v7-m/nofp\libc.a(lib_a-__call_atexit.o) (__libc_fini_array)
c:/coocox/8 2018-q4-major/bin/../lib/gcc/arm-none-eabi/8.2.1/../../../../arm-none-eabi/lib/thumb/v7-m/nofp\libc.a(lib_a-lock.o)
                              c:/coocox/8 2018-q4-major/bin/../lib/gcc/arm-none-eabi/8.2.1/../../../../arm-none-eabi/lib/thumb/v7-m/nofp\libc.a(lib_a-__call_atexit.o) (__retarget_lock_acquire_recursive)
c:/coocox/8 2018-q4-major/bin/../lib/gcc/arm-none-eabi/8.2.1/../../../../arm-none-eabi/lib/thumb/v7-m/nofp\libc.a(lib_a-__atexit.o)
                              c:/coocox/8 2018-q4-major/bin/../lib/gcc/arm-none-eabi/8.2.1/../../../../arm-none-eabi/lib/thumb/v7-m/nofp\libc.a(lib_a-atexit.o) (__register_exitproc)

Allocating common symbols
Common symbol       size              file

__lock___atexit_recursive_mutex
                    0x1               c:/coocox/8 2018-q4-major/bin/../lib/gcc/arm-none-eabi/8.2.1/../../../../arm-none-eabi/lib/thumb/v7-m/nofp\libc.a(lib_a-lock.o)
temp_water          0x18              ..\obj\main_meny.o
__lock___arc4random_mutex
                    0x1               c:/coocox/8 2018-q4-major/bin/../lib/gcc/arm-none-eabi/8.2.1/../../../../arm-none-eabi/lib/thumb/v7-m/nofp\libc.a(lib_a-lock.o)
oscl                0x55              ..\obj\main_meny.o
nach                0x1               ..\obj\main_meny.o
adc_calib           0x2               ..\obj\main_meny.o
cont_circut         0x1               ..\obj\main_meny.o
temp_in             0x18              ..\obj\main_meny.o
__lock___env_recursive_mutex
[...]
Memory Configuration

Name             Origin             Length             Attributes
rom              0x08000000         0x00010000         xr
ram              0x20000000         0x00005000         xrw
*default*        0x00000000         0xffffffff

Linker script and memory map

LOAD c:/coocox/8 2018-q4-major/bin/../lib/gcc/arm-none-eabi/8.2.1/thumb/v7-m/nofp/crti.o
LOAD c:/coocox/8 2018-q4-major/bin/../lib/gcc/arm-none-eabi/8.2.1/thumb/v7-m/nofp/crtbegin.o
LOAD c:/coocox/8 2018-q4-major/bin/../lib/gcc/arm-none-eabi/8.2.1/../../../../arm-none-eabi/lib/thumb/v7-m/nofp/crt0.o
                0x20005000                _eram = 0x20005000

.text           0x08000000     0x28c4
 *(.isr_vector)
 .isr_vector    0x08000000      0x10c ..\obj\startup_stm32f10x_md.o
                0x08000000                g_pfnVectors
 *(.text*)
 .text          0x0800010c       0x40 c:/coocox/8 2018-q4-major/bin/../lib/gcc/arm-none-eabi/8.2.1/thumb/v7-m/nofp/crtbegin.o
 .text.RTC_ITConfig
                0x0800014c       0x18 ..\obj\stm32f10x_rtc.o
                0x0800014c                RTC_ITConfig
 .text.RTC_EnterConfigMode
                0x08000164       0x10 ..\obj\stm32f10x_rtc.o
                0x08000164                RTC_EnterConfigMode
 .text.RTC_ExitConfigMode
                0x08000174       0x14 ..\obj\stm32f10x_rtc.o
                0x08000174                RTC_ExitConfigMode
 .text.RTC_GetCounter
                0x08000188       0x10 ..\obj\stm32f10x_rtc.o
                0x08000188                RTC_GetCounter
 .text.RTC_SetPrescaler
                0x08000198       0x20 ..\obj\stm32f10x_rtc.o
                0x08000198                RTC_SetPrescaler
 .text.RTC_WaitForLastTask
                0x080001b8       0x10 ..\obj\stm32f10x_rtc.o
                0x080001b8                RTC_WaitForLastTask
 .text.RTC_WaitForSynchro
                0x080001c8       0x1c ..\obj\stm32f10x_rtc.o
                0x080001c8                RTC_WaitForSynchro
 .text.RTC_ClearFlag
                0x080001e4       0x10 ..\obj\stm32f10x_rtc.o
                0x080001e4                RTC_ClearFlag
 .text.RTC_GetITStatus
                0x080001f4       0x20 ..\obj\stm32f10x_rtc.o
                0x080001f4                RTC_GetITStatus
 .text.RTC_ClearITPendingBit
                0x08000214        0x4 ..\obj\stm32f10x_rtc.o
                0x08000214                RTC_ClearITPendingBit
 .text._sprtffd
                0x08000218       0x94 ..\obj\prtf.o
                0x08000218                _sprtffd
 .text.D_To_H   0x080002ac       0x34 ..\obj\prtf.o
                0x080002ac                D_To_H
 .text._sprtf16
                0x080002e0       0x1c ..\obj\prtf.o
                0x080002e0                _sprtf16
 .text.chek_str
                0x080002fc       0x26 ..\obj\prtf.o
                0x080002fc                chek_str
 *fill*         0x08000322        0x2 
 .text.delay_init
                0x08000324       0x28 ..\obj\delay.o
                0x08000324                delay_init
 .text.load_cek
                0x0800034c       0x20 ..\obj\delay.o
                0x0800034c                load_cek
 .text.delay_ms
                0x0800036c       0x18 ..\obj\delay.o
                0x0800036c                delay_ms
 .text.delay_us
                0x08000384       0x18 ..\obj\delay.o
                0x08000384                delay_us
 .text.TIM_TimeBaseInit
                0x0800039c       0x94 ..\obj\stm32f10x_tim.o
                0x0800039c                TIM_TimeBaseInit
 .text.TIM_Cmd  0x08000430       0x16 ..\obj\stm32f10x_tim.o
                0x08000430                TIM_Cmd
 .text.TIM_ITConfig
                0x08000446       0x10 ..\obj\stm32f10x_tim.o
                0x08000446                TIM_ITConfig
 .text.TIM_GetITStatus
                0x08000456       0x16 ..\obj\stm32f10x_tim.o
                0x08000456                TIM_GetITStatus
 .text.TIM_ClearITPendingBit
                0x0800046c        0x8 ..\obj\stm32f10x_tim.o
                0x0800046c                TIM_ClearITPendingBit
 .text.Init_USART_GPIO_DS18B20
                0x08000474       0x54 ..\obj\ds18b20.o
                0x08000474                Init_USART_GPIO_DS18B20
 .text.Reset_USART_DS18B20
                0x080004c8       0x68 ..\obj\ds18b20.o
                0x080004c8                Reset_USART_DS18B20
 .text.Write_USART_DS18B20
                0x08000530       0x3c ..\obj\ds18b20.o
                0x08000530                Write_USART_DS18B20
 .text.Read_byt_USART_DS18B20
                0x0800056c       0x58 ..\obj\ds18b20.o
                0x0800056c                Read_byt_USART_DS18B20
 .text.Start_USART_DS18B20
                0x080005c4       0x16 ..\obj\ds18b20.o
                0x080005c4                Start_USART_DS18B20
 *fill*         0x080005da        0x2 
 .text.Get_Rom_USART_DS18B20
                0x080005dc       0x2c ..\obj\ds18b20.o
                0x080005dc                Get_Rom_USART_DS18B20
 .text.Set_Rom_USART_DS18B20
                0x08000608       0x20 ..\obj\ds18b20.o
                0x08000608                Set_Rom_USART_DS18B20
 .text.Get_CFG_USART_DS18B20
                0x08000628       0x52 ..\obj\ds18b20.o
                0x08000628                Get_CFG_USART_DS18B20
 .text.GET_RAM_USART_DS18B20
                0x0800067a       0x3e ..\obj\ds18b20.o
                0x0800067a                GET_RAM_USART_DS18B20
 .text.CONV_TEMP_DS18B20
                0x080006b8       0x2a ..\obj\ds18b20.o
                0x080006b8                CONV_TEMP_DS18B20
 *fill*         0x080006e2        0x2 
 .text.SystemInit
                0x080006e4       0xf0 ..\obj\system_stm32f10x.o
                0x080006e4                SystemInit
 .text.PWR_BackupAccessCmd
                0x080007d4        0xc ..\obj\stm32f10x_pwr.o
                0x080007d4                PWR_BackupAccessCmd
 .text.Default_Handler
                0x080007e0        0x2 ..\obj\startup_stm32f10x_md.o
                0x080007e0                EXTI2_IRQHandler
                0x080007e0                DebugMon_Handler
                0x080007e0                TIM1_CC_IRQHandler
                0x080007e0                HardFault_Handler
                0x080007e0                SysTick_Handler
                0x080007e0                PVD_IRQHandler
                0x080007e0                PendSV_Handler
                0x080007e0                NMI_Handler
                0x080007e0                EXTI3_IRQHandler
                0x080007e0                EXTI0_IRQHandler
                0x080007e0                I2C2_EV_IRQHandler
                0x080007e0                UsageFault_Handler
                0x080007e0                ADC1_2_IRQHandler
                0x080007e0                SPI1_IRQHandler
                0x080007e0                TAMPER_IRQHandler
                0x080007e0                DMA1_Channel4_IRQHandler
                0x080007e0                USART3_IRQHandler
                0x080007e0                DMA1_Channel7_IRQHandler
                0x080007e0                CAN1_RX1_IRQHandler
                0x080007e0                I2C1_EV_IRQHandler
                0x080007e0                DMA1_Channel6_IRQHandler
                0x080007e0                TIM3_IRQHandler
                0x080007e0                RCC_IRQHandler
                0x080007e0                TIM1_TRG_COM_IRQHandler
                0x080007e0                DMA1_Channel1_IRQHandler
                0x080007e0                EXTI15_10_IRQHandler
                0x080007e0                EXTI9_5_IRQHandler
                0x080007e0                SPI2_IRQHandler
                0x080007e0                MemManage_Handler
                0x080007e0                SVC_Handler
                0x080007e0                DMA1_Channel5_IRQHandler
                0x080007e0                EXTI4_IRQHandler
                0x080007e0                USB_LP_CAN1_RX0_IRQHandler
                0x080007e0                USB_HP_CAN1_TX_IRQHandler
                0x080007e0                DMA1_Channel3_IRQHandler
                0x080007e0                TIM1_UP_IRQHandler
                0x080007e0                WWDG_IRQHandler
                0x080007e0                TIM2_IRQHandler
                0x080007e0                TIM1_BRK_IRQHandler
                0x080007e0                EXTI1_IRQHandler
                0x080007e0                RTCAlarm_IRQHandler
                0x080007e0                USART2_IRQHandler
                0x080007e0                I2C2_ER_IRQHandler
                0x080007e0                DMA1_Channel2_IRQHandler
                0x080007e0                CAN1_SCE_IRQHandler
                0x080007e0                FLASH_IRQHandler
                0x080007e0                BusFault_Handler
                0x080007e0                USART1_IRQHandler
                0x080007e0                I2C1_ER_IRQHandler
                0x080007e0                USBWakeUp_IRQHandler
 *fill*         0x080007e2        0x2 
 .text.Default_Reset_Handler
                0x080007e4       0x48 ..\obj\startup_stm32f10x_md.o
                0x080007e4                Default_Reset_Handler
                0x080007e4                Reset_Handler
 .text.GPIO_Init
                0x0800082c       0xa2 ..\obj\stm32f10x_gpio.o
                0x0800082c                GPIO_Init
 .text.GPIO_ReadInputDataBit
                0x080008ce        0xc ..\obj\stm32f10x_gpio.o
                0x080008ce                GPIO_ReadInputDataBit
 .text.GPIO_SetBits
                0x080008da        0x4 ..\obj\stm32f10x_gpio.o
                0x080008da                GPIO_SetBits
 .text.GPIO_ResetBits
                0x080008de        0x4 ..\obj\stm32f10x_gpio.o
                0x080008de                GPIO_ResetBits
 *fill*         0x080008e2        0x2 
 .text.conv_dir
                0x080008e4       0x44 ..\obj\main.o
                0x080008e4                conv_dir
 .text.RTC_IRQHandler
                0x08000928       0x28 ..\obj\main.o
                0x08000928                RTC_IRQHandler
 .text.TIM4_IRQHandler
                0x08000950       0x38 ..\obj\main.o
                0x08000950                TIM4_IRQHandler
 .text.clock    0x08000988      0x29c ..\obj\main.o
                0x08000988                clock
 .text.set_d_ds18b20
                0x08000c24       0xc4 ..\obj\main.o
                0x08000c24                set_d_ds18b20
 .text.save_ok  0x08000ce8       0x38 ..\obj\main.o
                0x08000ce8                save_ok
 .text.no_save  0x08000d20       0x38 ..\obj\main.o
                0x08000d20                no_save
 .text.FLASH_Write
                0x08000d58       0x34 ..\obj\main.o
                0x08000d58                FLASH_Write
 .text.write_seatings
                0x08000d8c       0x64 ..\obj\main.o
                0x08000d8c                write_seatings
 .text.read_Write
                0x08000df0       0x28 ..\obj\main.o
                0x08000df0                read_Write
 .text.convert_atl_ath
                0x08000e18       0x1c ..\obj\main.o
                0x08000e18                convert_atl_ath
 .text.read_seatings
                0x08000e34       0x9c ..\obj\main.o
                0x08000e34                read_seatings
 .text.startup.main
                0x08000ed0      0x524 ..\obj\main.o
                0x08000ed0                main
 .text.RCC_LSEConfig
                0x080013f4       0x20 ..\obj\stm32f10x_rcc.o
                0x080013f4                RCC_LSEConfig
 .text.RCC_RTCCLKConfig
                0x08001414       0x10 ..\obj\stm32f10x_rcc.o
                0x08001414                RCC_RTCCLKConfig
 .text.RCC_RTCCLKCmd
                0x08001424        0xc ..\obj\stm32f10x_rcc.o
                0x08001424                RCC_RTCCLKCmd
 .text.RCC_GetClocksFreq
                0x08001430       0x84 ..\obj\stm32f10x_rcc.o
                0x08001430                RCC_GetClocksFreq
 .text.RCC_APB2PeriphClockCmd
                0x080014b4       0x1c ..\obj\stm32f10x_rcc.o
                0x080014b4                RCC_APB2PeriphClockCmd
 .text.RCC_APB1PeriphClockCmd
                0x080014d0       0x1c ..\obj\stm32f10x_rcc.o
                0x080014d0                RCC_APB1PeriphClockCmd
 .text.RCC_GetFlagStatus
                0x080014ec       0x28 ..\obj\stm32f10x_rcc.o
                0x080014ec                RCC_GetFlagStatus
 .text.gpio_spi_Init
                0x08001514       0x84 ..\obj\nokia_5110.o
                0x08001514                gpio_spi_Init
 .text.lcd_wbyte
                0x08001598       0x2c ..\obj\nokia_5110.o
                0x08001598                lcd_wbyte
 .text.lcd_write_cmd
                0x080015c4       0x1c ..\obj\nokia_5110.o
                0x080015c4                lcd_write_cmd
 .text.lcd_write_dat
                0x080015e0       0x1c ..\obj\nokia_5110.o
                0x080015e0                lcd_write_dat
 .text.lcd_set_pos
                0x080015fc       0x18 ..\obj\nokia_5110.o
                0x080015fc                lcd_set_pos
 .text.lcd_clear
                0x08001614       0x1e ..\obj\nokia_5110.o
                0x08001614                lcd_clear
 *fill*         0x08001632        0x2 
 .text.init_lcd_5110
                0x08001634       0x68 ..\obj\nokia_5110.o
                0x08001634                init_lcd_5110
 .text.lcd_set_sector
                0x0800169c       0x4c ..\obj\nokia_5110.o
                0x0800169c                lcd_set_sector
 .text.lcd_set_strs
                0x080016e8      0x144 ..\obj\nokia_5110.o
                0x080016e8                lcd_set_strs
 .text.lcd_set_rect
                0x0800182c       0x20 ..\obj\nokia_5110.o
                0x0800182c                lcd_set_rect
 .text.ADC_Init
                0x0800184c       0x48 ..\obj\stm32f10x_adc.o
                0x0800184c                ADC_Init
 .text.ADC_Cmd  0x08001894       0x12 ..\obj\stm32f10x_adc.o
                0x08001894                ADC_Cmd
 .text.ADC_ResetCalibration
                0x080018a6        0xa ..\obj\stm32f10x_adc.o
                0x080018a6                ADC_ResetCalibration
 .text.ADC_GetResetCalibrationStatus
                0x080018b0        0x8 ..\obj\stm32f10x_adc.o
                0x080018b0                ADC_GetResetCalibrationStatus
 .text.ADC_StartCalibration
                0x080018b8        0xa ..\obj\stm32f10x_adc.o
                0x080018b8                ADC_StartCalibration
 .text.ADC_GetCalibrationStatus
                0x080018c2        0x8 ..\obj\stm32f10x_adc.o
                0x080018c2                ADC_GetCalibrationStatus
 .text.ADC_SoftwareStartConvCmd
                0x080018ca       0x12 ..\obj\stm32f10x_adc.o
                0x080018ca                ADC_SoftwareStartConvCmd
 .text.ADC_RegularChannelConfig
                0x080018dc       0x8c ..\obj\stm32f10x_adc.o
                0x080018dc                ADC_RegularChannelConfig
 .text.ADC_GetConversionValue
                0x08001968        0x6 ..\obj\stm32f10x_adc.o
                0x08001968                ADC_GetConversionValue
 .text.ADC_GetFlagStatus
                0x0800196e        0xc ..\obj\stm32f10x_adc.o
                0x0800196e                ADC_GetFlagStatus
 .text.ADC_ClearFlag
                0x0800197a        0x6 ..\obj\stm32f10x_adc.o
                0x0800197a                ADC_ClearFlag
 .text.key_init
                0x08001980       0x24 ..\obj\key.o
                0x08001980                key_init
 .text.init_in_out
                0x080019a4       0x24 ..\obj\key.o
                0x080019a4                init_in_out
 .text.blinc_init
                0x080019c8       0x30 ..\obj\key.o
                0x080019c8                blinc_init
 .text.BIP_init
                0x080019f8       0x24 ..\obj\key.o
                0x080019f8                BIP_init
 .text.key_ini  0x08001a1c       0x24 ..\obj\key.o
                0x08001a1c                key_ini
 .text.BIP      0x08001a40       0x38 ..\obj\key.o
                0x08001a40                BIP
 .text.key_st   0x08001a78       0xc4 ..\obj\key.o
                0x08001a78                key_st
 .text.BipStop  0x08001b3c       0x30 ..\obj\key.o
                0x08001b3c                BipStop
 .text.USART_Init
                0x08001b6c       0xa0 ..\obj\stm32f10x_usart.o
                0x08001b6c                USART_Init
 .text.USART_Cmd
                0x08001c0c       0x16 ..\obj\stm32f10x_usart.o
                0x08001c0c                USART_Cmd
 .text.USART_SendData
                0x08001c22        0x8 ..\obj\stm32f10x_usart.o
                0x08001c22                USART_SendData
 .text.USART_ReceiveData
                0x08001c2a        0x8 ..\obj\stm32f10x_usart.o
                0x08001c2a                USART_ReceiveData
 .text.USART_GetFlagStatus
                0x08001c32        0xc ..\obj\stm32f10x_usart.o
                0x08001c32                USART_GetFlagStatus
 .text.USART_ClearFlag
                0x08001c3e        0x8 ..\obj\stm32f10x_usart.o
                0x08001c3e                USART_ClearFlag
 *fill*         0x08001c46        0x2 
 .text.timer_to_cal
                0x08001c48       0xbc ..\obj\time.o
                0x08001c48                timer_to_cal
 .text.cal_to_timer
                0x08001d04       0x84 ..\obj\time.o
                0x08001d04                cal_to_timer
 .text.RTC_SetCounter_
                0x08001d88       0x24 ..\obj\time.o
                0x08001d88                RTC_SetCounter_
 .text.NVIC_Configuration
                0x08001dac       0x20 ..\obj\time.o
                0x08001dac                NVIC_Configuration
 .text.RTC_Configuration
                0x08001dcc       0x58 ..\obj\time.o
                0x08001dcc                RTC_Configuration
 .text.Init_Timer4
                0x08001e24       0x64 ..\obj\time.o
                0x08001e24                Init_Timer4
 .text.FLASH_Unlock
                0x08001e88       0x18 ..\obj\stm32f10x_flash.o
                0x08001e88                FLASH_Unlock
 .text.FLASH_Lock
                0x08001ea0       0x10 ..\obj\stm32f10x_flash.o
                0x08001ea0                FLASH_Lock
 .text.FLASH_ClearFlag
                0x08001eb0        0xc ..\obj\stm32f10x_flash.o
                0x08001eb0                FLASH_ClearFlag
 .text.FLASH_GetBank1Status
                0x08001ebc       0x28 ..\obj\stm32f10x_flash.o
                0x08001ebc                FLASH_GetBank1Status
 .text.FLASH_WaitForLastOperation
                0x08001ee4       0x22 ..\obj\stm32f10x_flash.o
                0x08001ee4                FLASH_WaitForLastOperation
 *fill*         0x08001f06        0x2 
 .text.FLASH_ErasePage
                0x08001f08       0x40 ..\obj\stm32f10x_flash.o
                0x08001f08                FLASH_ErasePage
 .text.FLASH_ProgramHalfWord
                0x08001f48       0x38 ..\obj\stm32f10x_flash.o
                0x08001f48                FLASH_ProgramHalfWord
 .text.adc_init
                0x08001f80       0x34 ..\obj\adc.o
                0x08001f80                adc_init
 .text.readADC1_W
                0x08001fb4       0x94 ..\obj\adc.o
                0x08001fb4                readADC1_W
 .text.NVIC_PriorityGroupConfig
                0x08002048       0x14 ..\obj\misc.o
                0x08002048                NVIC_PriorityGroupConfig
 .text.NVIC_Init
                0x0800205c       0x58 ..\obj\misc.o
                0x0800205c                NVIC_Init
 .text.SPI_Init
                0x080020b4       0x3c ..\obj\stm32f10x_spi.o
                0x080020b4                SPI_Init
 .text.SPI_Cmd  0x080020f0       0x16 ..\obj\stm32f10x_spi.o
                0x080020f0                SPI_Cmd
 .text.SPI_I2S_SendData
                0x08002106        0x4 ..\obj\stm32f10x_spi.o
                0x08002106                SPI_I2S_SendData
 .text.SPI_I2S_GetFlagStatus
                0x0800210a        0xc ..\obj\stm32f10x_spi.o
                0x0800210a                SPI_I2S_GetFlagStatus
 *fill*         0x08002116        0x2 
 .text.IWDG_ReloadCounter
                0x08002118       0x10 ..\obj\stm32f10x_iwdg.o
                0x08002118                IWDG_ReloadCounter
 .text          0x08002128      0x21c c:/coocox/8 2018-q4-major/bin/../lib/gcc/arm-none-eabi/8.2.1/thumb/v7-m/nofp\libgcc.a(_arm_addsubsf3.o)
                0x08002128                __aeabi_frsub
                0x08002130                __subsf3
                0x08002130                __aeabi_fsub
                0x08002134                __aeabi_fadd
                0x08002134                __addsf3
                0x08002294                __aeabi_ui2f
                0x08002294                __floatunsisf
                0x0800229c                __aeabi_i2f
                0x0800229c                __floatsisf
                0x080022b8                __aeabi_ul2f
                0x080022b8                __floatundisf
                0x080022c8                __aeabi_l2f
                0x080022c8                __floatdisf
 .text          0x08002344      0x2a0 c:/coocox/8 2018-q4-major/bin/../lib/gcc/arm-none-eabi/8.2.1/thumb/v7-m/nofp\libgcc.a(_arm_muldivsf3.o)
                0x08002344                __mulsf3
                0x08002344                __aeabi_fmul
                0x080024ac                __aeabi_fdiv
                0x080024ac                __divsf3
 .text          0x080025e4       0xec c:/coocox/8 2018-q4-major/bin/../lib/gcc/arm-none-eabi/8.2.1/thumb/v7-m/nofp\libgcc.a(_arm_cmpsf2.o)
                0x080025e4                __gesf2
                0x080025e4                __gtsf2
                0x080025ec                __lesf2
                0x080025ec                __ltsf2
                0x080025f4                __nesf2
                0x080025f4                __eqsf2
                0x080025f4                __cmpsf2
                0x08002654                __aeabi_cfrcmple
                0x0800265c                __aeabi_cfcmpeq
                0x0800265c                __aeabi_cfcmple
                0x0800266c                __aeabi_fcmpeq
                0x08002680                __aeabi_fcmplt
                0x08002694                __aeabi_fcmple
                0x080026a8                __aeabi_fcmpge
                0x080026bc                __aeabi_fcmpgt
 .text          0x080026d0       0x40 c:/coocox/8 2018-q4-major/bin/../lib/gcc/arm-none-eabi/8.2.1/thumb/v7-m/nofp\libgcc.a(_arm_fixunssfsi.o)
                0x080026d0                __fixunssfsi
                0x080026d0                __aeabi_f2uiz
 .text.startup.register_fini
                0x08002710       0x14 c:/coocox/8 2018-q4-major/bin/../lib/gcc/arm-none-eabi/8.2.1/../../../../arm-none-eabi/lib/thumb/v7-m/nofp\libc.a(lib_a-__call_atexit.o)
 .text.atexit   0x08002724        0xc c:/coocox/8 2018-q4-major/bin/../lib/gcc/arm-none-eabi/8.2.1/../../../../arm-none-eabi/lib/thumb/v7-m/nofp\libc.a(lib_a-atexit.o)
                0x08002724                atexit
 .text.__libc_fini_array
                0x08002730       0x34 c:/coocox/8 2018-q4-major/bin/../lib/gcc/arm-none-eabi/8.2.1/../../../../arm-none-eabi/lib/thumb/v7-m/nofp\libc.a(lib_a-fini.o)
                0x08002730                __libc_fini_array
 .text.__retarget_lock_acquire_recursive
                0x08002764        0x4 c:/coocox/8 2018-q4-major/bin/../lib/gcc/arm-none-eabi/8.2.1/../../../../arm-none-eabi/lib/thumb/v7-m/nofp\libc.a(lib_a-lock.o)
                0x08002764                __retarget_lock_acquire_recursive
 .text.__retarget_lock_release_recursive
                0x08002768        0x4 c:/coocox/8 2018-q4-major/bin/../lib/gcc/arm-none-eabi/8.2.1/../../../../arm-none-eabi/lib/thumb/v7-m/nofp\libc.a(lib_a-lock.o)
                0x08002768                __retarget_lock_release_recursive
 .text.__register_exitproc
                0x0800276c       0x84 c:/coocox/8 2018-q4-major/bin/../lib/gcc/arm-none-eabi/8.2.1/../../../../arm-none-eabi/lib/thumb/v7-m/nofp\libc.a(lib_a-__atexit.o)
                0x0800276c                __register_exitproc
 *(.init)
 .init          0x080027f0        0x4 c:/coocox/8 2018-q4-major/bin/../lib/gcc/arm-none-eabi/8.2.1/thumb/v7-m/nofp/crti.o
                0x080027f0                _init
 .init          0x080027f4        0x8 c:/coocox/8 2018-q4-major/bin/../lib/gcc/arm-none-eabi/8.2.1/thumb/v7-m/nofp/crtn.o
 *(.fini)
 .fini          0x080027fc        0x4 c:/coocox/8 2018-q4-major/bin/../lib/gcc/arm-none-eabi/8.2.1/thumb/v7-m/nofp/crti.o
                0x080027fc                _fini
 .fini          0x08002800        0x8 c:/coocox/8 2018-q4-major/bin/../lib/gcc/arm-none-eabi/8.2.1/thumb/v7-m/nofp/crtn.o
 *crtbegin.o(.ctors)
 *crtbegin?.o(.ctors)
 *(EXCLUDE_FILE(*crtend.o *crtend?.o) .ctors)
 *(SORT_BY_NAME(.ctors.*))
 *(.ctors)
 *crtbegin.o(.dtors)
 *crtbegin?.o(.dtors)
 *(EXCLUDE_FILE(*crtend.o *crtend?.o) .dtors)
 *(SORT_BY_NAME(.dtors.*))
 *(.dtors)
 *(.rodata*)
 .rodata.str1.1
                0x08002808       0xb6 ..\obj\main.o
                                 0xb8 (size before relaxing)
 *fill*         0x080028be        0x2 
 .rodata._global_impure_ptr
                0x080028c0        0x4 c:/coocox/8 2018-q4-major/bin/../lib/gcc/arm-none-eabi/8.2.1/../../../../arm-none-eabi/lib/thumb/v7-m/nofp\libc.a(lib_a-impure.o)
                0x080028c0                _global_impure_ptr
 *(.eh_fram e*)

.eh_frame       0x080028c4        0x0
 .eh_frame      0x080028c4        0x0 c:/coocox/8 2018-q4-major/bin/../lib/gcc/arm-none-eabi/8.2.1/thumb/v7-m/nofp/crtbegin.o

.glue_7         0x080028c4        0x0
 .glue_7        0x080028c4        0x0 linker stubs

.glue_7t        0x080028c4        0x0
 .glue_7t       0x080028c4        0x0 linker stubs

.vfp11_veneer   0x080028c4        0x0
 .vfp11_veneer  0x080028c4        0x0 linker stubs

.v4_bx          0x080028c4        0x0
 .v4_bx         0x080028c4        0x0 linker stubs

.iplt           0x080028c4        0x0
 .iplt          0x080028c4        0x0 c:/coocox/8 2018-q4-major/bin/../lib/gcc/arm-none-eabi/8.2.1/thumb/v7-m/nofp/crtbegin.o

.rel.dyn        0x080028c4        0x0
 .rel.iplt      0x080028c4        0x0 c:/coocox/8 2018-q4-major/bin/../lib/gcc/arm-none-eabi/8.2.1/thumb/v7-m/nofp/crtbegin.o

.ARM.extab
 *(.ARM.extab* .gnu.linkonce.armextab.*)
                0x080028c4                __exidx_start = .

.ARM.exidx
 *(.ARM.exidx* .gnu.linkonce.armexidx.*)
                0x080028c4                __exidx_end = .
                0x080028c4                __etext = .
                0x080028c4                _sidata = __etext

.data           0x20000000     0x1b88 load address 0x080028c4
                0x20000000                __data_start__ = .
                0x20000000                _sdata = __data_start__
 *(vtable)
 *(.data*)
 .data          0x20000000       0x29 ..\obj\main.o
                0x20000000                FLASHStatus
                0x20000001                celsiy_8x8
                0x20000009                rad_16x16
 .data          0x20000029       0x14 ..\obj\stm32f10x_rcc.o
 .data          0x2000003d     0x1711 ..\obj\nokia_5110.o
                0x2000003d                FACII_8_16
                0x2000064d                SystemRus6x8
                0x20000a13                nums16x24
                0x20000d25                nums15x31
                0x200010e7                nums_j_16x24
                0x20001429                ASCII_5x8_ALL
 *fill*         0x2000174e        0x2 
 .data.impure_data
                0x20001750      0x428 c:/coocox/8 2018-q4-major/bin/../lib/gcc/arm-none-eabi/8.2.1/../../../../arm-none-eabi/lib/thumb/v7-m/nofp\libc.a(lib_a-impure.o)
 .data.__atexit_recursive_mutex
                0x20001b78        0x4 c:/coocox/8 2018-q4-major/bin/../lib/gcc/arm-none-eabi/8.2.1/../../../../arm-none-eabi/lib/thumb/v7-m/nofp\libc.a(lib_a-__call_atexit.o)
                0x20001b78                __atexit_recursive_mutex
                0x20001b7c                . = ALIGN (0x4)
                0x20001b7c                PROVIDE (__preinit_array_start = .)
 *(.preinit_array)
                0x20001b7c                PROVIDE (__preinit_array_end = .)
                0x20001b7c                . = ALIGN (0x4)
                0x20001b7c                PROVIDE (__init_array_start = .)
 *(SORT_BY_NAME(.init_array.*))
 .init_array.00000
                0x20001b7c        0x4 c:/coocox/8 2018-q4-major/bin/../lib/gcc/arm-none-eabi/8.2.1/../../../../arm-none-eabi/lib/thumb/v7-m/nofp\libc.a(lib_a-__call_atexit.o)
 *(.init_array)
 .init_array    0x20001b80        0x4 c:/coocox/8 2018-q4-major/bin/../lib/gcc/arm-none-eabi/8.2.1/thumb/v7-m/nofp/crtbegin.o
                0x20001b84                PROVIDE (__init_array_end = .)
                0x20001b84                . = ALIGN (0x4)
                0x20001b84                PROVIDE (__fini_array_start = .)
 *(SORT_BY_NAME(.fini_array.*))
 *(.fini_array)
 .fini_array    0x20001b84        0x4 c:/coocox/8 2018-q4-major/bin/../lib/gcc/arm-none-eabi/8.2.1/thumb/v7-m/nofp/crtbegin.o
                0x20001b88                PROVIDE (__fini_array_end = .)
 *(.jcr*)
                0x20001b88                . = ALIGN (0x4)
                0x20001b88                __data_end__ = .
                0x20001b88                _edata = __data_end__

.igot.plt       0x20001b88        0x0 load address 0x0800444c
 .igot.plt      0x20001b88        0x0 c:/coocox/8 2018-q4-major/bin/../lib/gcc/arm-none-eabi/8.2.1/thumb/v7-m/nofp/crtbegin.o

.bss            0x20001b88      0x15c load address 0x0800444c
                0x20001b88                . = ALIGN (0x4)
                0x20001b88                __bss_start__ = .
                0x20001b88                _sbss = __bss_start__
 *(.bss*)
 .bss           0x20001b88       0x1c c:/coocox/8 2018-q4-major/bin/../lib/gcc/arm-none-eabi/8.2.1/thumb/v7-m/nofp/crtbegin.o
 .bss           0x20001ba4        0x4 ..\obj\delay.o
 .bss           0x20001ba8        0x9 ..\obj\main.o
                0x20001ba8                timer
                0x20001bac                list
                0x20001bae                cstart
                0x20001bb0                men
 *(COMMON)
 *fill*         0x20001bb1        0x3 
 COMMON         0x20001bb4      0x100 ..\obj\main_meny.o
                0x20001bb4                temp_water
                0x20001bcc                oscl
                0x20001c21                nach
                0x20001c22                adc_calib
                0x20001c24                cont_circut
                0x20001c28                temp_in
                0x20001c40                x_oscl
                0x20001c44                temp_out
                0x20001c5c                temp_eng
                0x20001c74                data
                0x20001c80                d
                0x20001c84                buf
                0x20001c98                adr
                0x20001c9c                i_oscl
                0x20001c9d                code
                0x20001ca5                keys
                0x20001ca8                unix_time
 COMMON         0x20001cb4        0xc ..\obj\main.o
                0x20001cb4                S_dat
                0x20001cb5                S
                0x20001cb8                TCONTR
                0x20001cbc                settime
 COMMON         0x20001cc0       0x21 c:/coocox/8 2018-q4-major/bin/../lib/gcc/arm-none-eabi/8.2.1/../../../../arm-none-eabi/lib/thumb/v7-m/nofp\libc.a(lib_a-lock.o)
                0x20001cc0                __lock___atexit_recursive_mutex
                0x20001cc4                __lock___arc4random_mutex
                0x20001cc8                __lock___env_recursive_mutex
                0x20001ccc                __lock___sinit_recursive_mutex
                0x20001cd0                __lock___malloc_recursive_mutex
                0x20001cd4                __lock___at_quick_exit_mutex
                0x20001cd8                __lock___dd_hash_mutex
                0x20001cdc                __lock___tz_mutex
                0x20001ce0                __lock___sfp_recursive_mutex
                0x20001ce4                . = ALIGN (0x4)
 *fill*         0x20001ce1        0x3 
                0x20001ce4                __bss_end__ = .
                0x20001ce4                _ebss = __bss_end__

.heap           0x20001ce4        0x0
                0x20001ce4                __end__ = .
                0x20001ce4                _end = __end__
                0x20001ce4                end = __end__
 *(.heap*)
                0x20001ce4                __HeapLimit = .

.co_stack       0x20001ce4      0x404 load address 0x080045a8
                0x20001ce8                . = ALIGN (0x8)
 *fill*         0x20001ce4        0x4 
 *(.co_stack .co_stack.*)
 .co_stack      0x20001ce8      0x400 ..\obj\startup_stm32f10x_md.o
                0x20001ce8                pulStack
                0x20005000                __StackTop = (ORIGIN (ram) + LENGTH (ram))
                0x20004bfc                __StackLimit = (__StackTop - SIZEOF (.co_stack))
                0x20005000                PROVIDE (__stack = __StackTop)
                0x00000001                ASSERT ((__StackLimit >= __HeapLimit), region ram  overflowed with stack)
LOAD ..\obj\stm32f10x_rtc.o
LOAD ..\obj\prtf.o
LOAD ..\obj\main_meny.o
LOAD ..\obj\delay.o
LOAD ..\obj\stm32f10x_tim.o
LOAD ..\obj\flash.o
LOAD ..\obj\ds18b20.o
LOAD ..\obj\system_stm32f10x.o
LOAD ..\obj\bat.o
LOAD ..\obj\stm32f10x_pwr.o
LOAD ..\obj\startup_stm32f10x_md.o
LOAD ..\obj\stm32f10x_gpio.o
LOAD ..\obj\main.o
LOAD ..\obj\stm32f10x_crc.o
LOAD ..\obj\stm32f10x_rcc.o
LOAD ..\obj\nokia_5110.o
LOAD ..\obj\stm32f10x_exti.o
LOAD ..\obj\stm32f10x_adc.o
LOAD ..\obj\key.o
LOAD ..\obj\stm32f10x_usart.o
LOAD ..\obj\time.o
LOAD ..\obj\syscalls.o
LOAD ..\obj\stm32f10x_flash.o
LOAD ..\obj\adc.o
LOAD ..\obj\misc.o
LOAD ..\obj\stm32f10x_spi.o
LOAD ..\obj\wdt.o
LOAD ..\obj\stm32f10x_bkp.o
LOAD ..\obj\stm32f10x_iwdg.o
LOAD c:/coocox/8 2018-q4-major/bin/../lib/gcc/arm-none-eabi/8.2.1/../../../../arm-none-eabi/lib/thumb/v7-m/nofp\libm.a
LOAD c:/coocox/8 2018-q4-major/bin/../lib/gcc/arm-none-eabi/8.2.1/thumb/v7-m/nofp\libgcc.a
LOAD c:/coocox/8 2018-q4-major/bin/../lib/gcc/arm-none-eabi/8.2.1/../../../../arm-none-eabi/lib/thumb/v7-m/nofp\libc.a
START GROUP
LOAD c:/coocox/8 2018-q4-major/bin/../lib/gcc/arm-none-eabi/8.2.1/thumb/v7-m/nofp\libgcc.a
LOAD c:/coocox/8 2018-q4-major/bin/../lib/gcc/arm-none-eabi/8.2.1/../../../../arm-none-eabi/lib/thumb/v7-m/nofp\libg.a
LOAD c:/coocox/8 2018-q4-major/bin/../lib/gcc/arm-none-eabi/8.2.1/../../../../arm-none-eabi/lib/thumb/v7-m/nofp\libc.a
END GROUP
LOAD c:/coocox/8 2018-q4-major/bin/../lib/gcc/arm-none-eabi/8.2.1/thumb/v7-m/nofp/crtend.o
LOAD c:/coocox/8 2018-q4-major/bin/../lib/gcc/arm-none-eabi/8.2.1/thumb/v7-m/nofp/crtn.o
OUTPUT(stm32f103c8_nokia_5110_doza.elf elf32-littlearm)

.ARM.attributes
                0x00000000       0x29
 .ARM.attributes
                0x00000000       0x1d c:/coocox/8 2018-q4-major/bin/../lib/gcc/arm-none-eabi/8.2.1/thumb/v7-m/nofp/crti.o
 .ARM.attributes
                0x0000001d       0x2d c:/coocox/8 2018-q4-major/bin/../lib/gcc/arm-none-eabi/8.2.1/thumb/v7-m/nofp/crtbegin.o
 .ARM.attributes
                0x0000004a       0x2d ..\obj\stm32f10x_rtc.o
 .ARM.attributes
                0x00000077       0x2d ..\obj\prtf.o
 .ARM.attributes
                0x000000a4       0x33 ..\obj\main_meny.o
 .ARM.attributes
                0x000000d7       0x2d ..\obj\delay.o
 .ARM.attributes
                0x00000104       0x2d ..\obj\stm32f10x_tim.o
 .ARM.attributes
                0x00000131       0x2d ..\obj\ds18b20.o
 .ARM.attributes
                0x0000015e       0x2d ..\obj\system_stm32f10x.o
 .ARM.attributes
                0x0000018b       0x2d ..\obj\stm32f10x_pwr.o
 .ARM.attributes
                0x000001b8       0x2d ..\obj\startup_stm32f10x_md.o
 .ARM.attributes
                0x000001e5       0x2d ..\obj\stm32f10x_gpio.o
 .ARM.attributes
                0x00000212       0x2d ..\obj\main.o
 .ARM.attributes
                0x0000023f       0x2d ..\obj\stm32f10x_rcc.o
 .ARM.attributes
                0x0000026c       0x2d ..\obj\nokia_5110.o
 .ARM.attributes
                0x00000299       0x2d ..\obj\stm32f10x_adc.o
 .ARM.attributes
                0x000002c6       0x2d ..\obj\key.o
 .ARM.attributes
                0x000002f3       0x2d ..\obj\stm32f10x_usart.o
 .ARM.attributes
                0x00000320       0x2d ..\obj\time.o
 .ARM.attributes
                0x0000034d       0x2d ..\obj\stm32f10x_flash.o
 .ARM.attributes
                0x0000037a       0x2d ..\obj\adc.o
 .ARM.attributes
                0x000003a7       0x2d ..\obj\misc.o
 .ARM.attributes
                0x000003d4       0x2d ..\obj\stm32f10x_spi.o
 .ARM.attributes
                0x00000401       0x2d ..\obj\stm32f10x_iwdg.o
 .ARM.attributes
                0x0000042e       0x1d c:/coocox/8 2018-q4-major/bin/../lib/gcc/arm-none-eabi/8.2.1/thumb/v7-m/nofp\libgcc.a(_arm_addsubsf3.o)
 .ARM.attributes
                0x0000044b       0x1d c:/coocox/8 2018-q4-major/bin/../lib/gcc/arm-none-eabi/8.2.1/thumb/v7-m/nofp\libgcc.a(_arm_muldivsf3.o)
 .ARM.attributes
                0x00000468       0x1d c:/coocox/8 2018-q4-major/bin/../lib/gcc/arm-none-eabi/8.2.1/thumb/v7-m/nofp\libgcc.a(_arm_cmpsf2.o)
 .ARM.attributes
                0x00000485       0x1d c:/coocox/8 2018-q4-major/bin/../lib/gcc/arm-none-eabi/8.2.1/thumb/v7-m/nofp\libgcc.a(_arm_fixunssfsi.o)
 .ARM.attributes
                0x000004a2       0x2d c:/coocox/8 2018-q4-major/bin/../lib/gcc/arm-none-eabi/8.2.1/../../../../arm-none-eabi/lib/thumb/v7-m/nofp\libc.a(lib_a-impure.o)
 .ARM.attributes
                0x000004cf       0x2d c:/coocox/8 2018-q4-major/bin/../lib/gcc/arm-none-eabi/8.2.1/../../../../arm-none-eabi/lib/thumb/v7-m/nofp\libc.a(lib_a-__call_atexit.o)
 .ARM.attributes
                0x000004fc       0x2d c:/coocox/8 2018-q4-major/bin/../lib/gcc/arm-none-eabi/8.2.1/../../../../arm-none-eabi/lib/thumb/v7-m/nofp\libc.a(lib_a-atexit.o)
 .ARM.attributes
                0x00000529       0x2d c:/coocox/8 2018-q4-major/bin/../lib/gcc/arm-none-eabi/8.2.1/../../../../arm-none-eabi/lib/thumb/v7-m/nofp\libc.a(lib_a-fini.o)
 .ARM.attributes
                0x00000556       0x2d c:/coocox/8 2018-q4-major/bin/../lib/gcc/arm-none-eabi/8.2.1/../../../../arm-none-eabi/lib/thumb/v7-m/nofp\libc.a(lib_a-lock.o)
 .ARM.attributes
                0x00000583       0x2d c:/coocox/8 2018-q4-major/bin/../lib/gcc/arm-none-eabi/8.2.1/../../../../arm-none-eabi/lib/thumb/v7-m/nofp\libc.a(lib_a-__atexit.o)
 .ARM.attributes
                0x000005b0       0x1d c:/coocox/8 2018-q4-major/bin/../lib/gcc/arm-none-eabi/8.2.1/thumb/v7-m/nofp/crtn.o

.comment        0x00000000       0x75
 .comment       0x00000000       0x75 ..\obj\stm32f10x_rtc.o
                                 0x76 (size before relaxing)
 .comment       0x00000075       0x76 ..\obj\prtf.o
 .comment       0x00000075       0x76 ..\obj\main_meny.o
 .comment       0x00000075       0x76 ..\obj\delay.o
 .comment       0x00000075       0x76 ..\obj\stm32f10x_tim.o
 .comment       0x00000075       0x76 ..\obj\ds18b20.o
 .comment       0x00000075       0x76 ..\obj\system_stm32f10x.o
 .comment       0x00000075       0x76 ..\obj\stm32f10x_pwr.o
 .comment       0x00000075       0x76 ..\obj\startup_stm32f10x_md.o
 .comment       0x00000075       0x76 ..\obj\stm32f10x_gpio.o
 .comment       0x00000075       0x76 ..\obj\main.o
 .comment       0x00000075       0x76 ..\obj\stm32f10x_rcc.o
 .comment       0x00000075       0x76 ..\obj\nokia_5110.o
 .comment       0x00000075       0x76 ..\obj\stm32f10x_adc.o
 .comment       0x00000075       0x76 ..\obj\key.o
 .comment       0x00000075       0x76 ..\obj\stm32f10x_usart.o
 .comment       0x00000075       0x76 ..\obj\time.o
 .comment       0x00000075       0x76 ..\obj\stm32f10x_flash.o
 .comment       0x00000075       0x76 ..\obj\adc.o
 .comment       0x00000075       0x76 ..\obj\misc.o
 .comment       0x00000075       0x76 ..\obj\stm32f10x_spi.o
 .comment       0x00000075       0x76 ..\obj\stm32f10x_iwdg.o

.debug_info     0x00000000     0xf1c8
 .debug_info    0x00000000      0x4e1 ..\obj\stm32f10x_rtc.o
 .debug_info    0x000004e1      0x3c8 ..\obj\prtf.o
 .debug_info    0x000008a9      0x37a ..\obj\main_meny.o
 .debug_info    0x00000c23      0x2b6 ..\obj\delay.o
 .debug_info    0x00000ed9     0x2477 ..\obj\stm32f10x_tim.o
 .debug_info    0x00003350     0x151e ..\obj\ds18b20.o
 .debug_info    0x0000486e      0x521 ..\obj\system_stm32f10x.o
 .debug_info    0x00004d8f      0x55b ..\obj\stm32f10x_pwr.o
 .debug_info    0x000052ea      0x14f ..\obj\startup_stm32f10x_md.o
 .debug_info    0x00005439      0x8bc ..\obj\stm32f10x_gpio.o
 .debug_info    0x00005cf5     0x1b2f ..\obj\main.o
 .debug_info    0x00007824      0x9df ..\obj\stm32f10x_rcc.o
 .debug_info    0x00008203     0x1688 ..\obj\nokia_5110.o
 .debug_info    0x0000988b      0xd6b ..\obj\stm32f10x_adc.o
 .debug_info    0x0000a5f6      0xd26 ..\obj\key.o
 .debug_info    0x0000b31c      0xc03 ..\obj\stm32f10x_usart.o
 .debug_info    0x0000bf1f      0xcb7 ..\obj\time.o
 .debug_info    0x0000cbd6      0xae7 ..\obj\stm32f10x_flash.o
 .debug_info    0x0000d6bd      0x870 ..\obj\adc.o
 .debug_info    0x0000df2d      0x5b2 ..\obj\misc.o
 .debug_info    0x0000e4df      0xab2 ..\obj\stm32f10x_spi.o
 .debug_info    0x0000ef91      0x237 ..\obj\stm32f10x_iwdg.o

.debug_abbrev   0x00000000     0x31ef
 .debug_abbrev  0x00000000      0x223 ..\obj\stm32f10x_rtc.o
 .debug_abbrev  0x00000223      0x197 ..\obj\prtf.o
 .debug_abbrev  0x000003ba       0xda ..\obj\main_meny.o
 .debug_abbrev  0x00000494      0x18f ..\obj\delay.o
 .debug_abbrev  0x00000623      0x347 ..\obj\stm32f10x_tim.o
 .debug_abbrev  0x0000096a      0x455 ..\obj\ds18b20.o
 .debug_abbrev  0x00000dbf      0x1d3 ..\obj\system_stm32f10x.o
 .debug_abbrev  0x00000f92      0x1fc ..\obj\stm32f10x_pwr.o
 .debug_abbrev  0x0000118e       0xf3 ..\obj\startup_stm32f10x_md.o
 .debug_abbrev  0x00001281      0x262 ..\obj\stm32f10x_gpio.o
 .debug_abbrev  0x000014e3      0x375 ..\obj\main.o
 .debug_abbrev  0x00001858      0x22a ..\obj\stm32f10x_rcc.o
 .debug_abbrev  0x00001a82      0x3dc ..\obj\nokia_5110.o
 .debug_abbrev  0x00001e5e      0x22e ..\obj\stm32f10x_adc.o
 .debug_abbrev  0x0000208c      0x278 ..\obj\key.o
 .debug_abbrev  0x00002304      0x220 ..\obj\stm32f10x_usart.o
 .debug_abbrev  0x00002524      0x317 ..\obj\time.o
 .debug_abbrev  0x0000283b      0x294 ..\obj\stm32f10x_flash.o
 .debug_abbrev  0x00002acf      0x1dc ..\obj\adc.o
 .debug_abbrev  0x00002cab      0x1ad ..\obj\misc.o
 .debug_abbrev  0x00002e58      0x236 ..\obj\stm32f10x_spi.o
 .debug_abbrev  0x0000308e      0x161 ..\obj\stm32f10x_iwdg.o

.debug_loc      0x00000000     0x7f3f
 .debug_loc     0x00000000      0x236 ..\obj\stm32f10x_rtc.o
 .debug_loc     0x00000236      0x637 ..\obj\prtf.o
 .debug_loc     0x0000086d       0xa6 ..\obj\delay.o
 .debug_loc     0x00000913     0x1f39 ..\obj\stm32f10x_tim.o
 .debug_loc     0x0000284c      0x9e3 ..\obj\ds18b20.o
 .debug_loc     0x0000322f       0xb8 ..\obj\system_stm32f10x.o
 .debug_loc     0x000032e7      0x133 ..\obj\stm32f10x_pwr.o
 .debug_loc     0x0000341a       0x6f ..\obj\startup_stm32f10x_md.o
 .debug_loc     0x00003489      0x657 ..\obj\stm32f10x_gpio.o
 .debug_loc     0x00003ae0      0x2eb ..\obj\main.o
 .debug_loc     0x00003dcb      0x736 ..\obj\stm32f10x_rcc.o
 .debug_loc     0x00004501      0x9b4 ..\obj\nokia_5110.o
 .debug_loc     0x00004eb5      0xc78 ..\obj\stm32f10x_adc.o
 .debug_loc     0x00005b2d      0x1a0 ..\obj\key.o
 .debug_loc     0x00005ccd      0x90a ..\obj\stm32f10x_usart.o
 .debug_loc     0x000065d7      0x6ae ..\obj\time.o
 .debug_loc     0x00006c85      0x8de ..\obj\stm32f10x_flash.o
 .debug_loc     0x00007563      0x12e ..\obj\adc.o
 .debug_loc     0x00007691      0x19b ..\obj\misc.o
 .debug_loc     0x0000782c      0x6a7 ..\obj\stm32f10x_spi.o
 .debug_loc     0x00007ed3       0x6c ..\obj\stm32f10x_iwdg.o

.debug_aranges  0x00000000      0xde8
 .debug_aranges
                0x00000000       0x80 ..\obj\stm32f10x_rtc.o
 .debug_aranges
                0x00000080       0x48 ..\obj\prtf.o
 .debug_aranges
                0x000000c8       0x18 ..\obj\main_meny.o
 .debug_aranges
                0x000000e0       0x48 ..\obj\delay.o
 .debug_aranges
                0x00000128      0x2d0 ..\obj\stm32f10x_tim.o
 .debug_aranges
                0x000003f8       0xf0 ..\obj\ds18b20.o
 .debug_aranges
                0x000004e8       0x28 ..\obj\system_stm32f10x.o
 .debug_aranges
                0x00000510       0x60 ..\obj\stm32f10x_pwr.o
 .debug_aranges
                0x00000570       0x28 ..\obj\startup_stm32f10x_md.o
 .debug_aranges
                0x00000598       0xa8 ..\obj\stm32f10x_gpio.o
 .debug_aranges
                0x00000640       0x80 ..\obj\main.o
 .debug_aranges
                0x000006c0      0x118 ..\obj\stm32f10x_rcc.o
 .debug_aranges
                0x000007d8       0x88 ..\obj\nokia_5110.o
 .debug_aranges
                0x00000860      0x138 ..\obj\stm32f10x_adc.o
 .debug_aranges
                0x00000998       0x98 ..\obj\key.o
 .debug_aranges
                0x00000a30      0x100 ..\obj\stm32f10x_usart.o
 .debug_aranges
                0x00000b30       0x50 ..\obj\time.o
 .debug_aranges
                0x00000b80       0xd8 ..\obj\stm32f10x_flash.o
 .debug_aranges
                0x00000c58       0x38 ..\obj\adc.o
 .debug_aranges
                0x00000c90       0x40 ..\obj\misc.o
 .debug_aranges
                0x00000cd0       0xd0 ..\obj\stm32f10x_spi.o
 .debug_aranges
                0x00000da0       0x48 ..\obj\stm32f10x_iwdg.o

.debug_ranges   0x00000000      0xd58
 .debug_ranges  0x00000000       0x70 ..\obj\stm32f10x_rtc.o
 .debug_ranges  0x00000070       0x38 ..\obj\prtf.o
 .debug_ranges  0x000000a8       0x38 ..\obj\delay.o
 .debug_ranges  0x000000e0      0x308 ..\obj\stm32f10x_tim.o
 .debug_ranges  0x000003e8       0xe0 ..\obj\ds18b20.o
 .debug_ranges  0x000004c8       0x30 ..\obj\system_stm32f10x.o
 .debug_ranges  0x000004f8       0x50 ..\obj\stm32f10x_pwr.o
 .debug_ranges  0x00000548       0x18 ..\obj\startup_stm32f10x_md.o
 .debug_ranges  0x00000560       0x98 ..\obj\stm32f10x_gpio.o
 .debug_ranges  0x000005f8       0xe8 ..\obj\main.o
 .debug_ranges  0x000006e0      0x108 ..\obj\stm32f10x_rcc.o
 .debug_ranges  0x000007e8       0x78 ..\obj\nokia_5110.o
 .debug_ranges  0x00000860      0x128 ..\obj\stm32f10x_adc.o
 .debug_ranges  0x00000988       0x88 ..\obj\key.o
 .debug_ranges  0x00000a10       0xf0 ..\obj\stm32f10x_usart.o
 .debug_ranges  0x00000b00       0x40 ..\obj\time.o
 .debug_ranges  0x00000b40       0xc8 ..\obj\stm32f10x_flash.o
 .debug_ranges  0x00000c08       0x28 ..\obj\adc.o
 .debug_ranges  0x00000c30       0x30 ..\obj\misc.o
 .debug_ranges  0x00000c60       0xc0 ..\obj\stm32f10x_spi.o
 .debug_ranges  0x00000d20       0x38 ..\obj\stm32f10x_iwdg.o

.debug_line     0x00000000     0x9c2e
 .debug_line    0x00000000      0x3e4 ..\obj\stm32f10x_rtc.o
 .debug_line    0x000003e4      0x5d9 ..\obj\prtf.o
 .debug_line    0x000009bd      0x20a ..\obj\main_meny.o
 .debug_line    0x00000bc7      0x28a ..\obj\delay.o
 .debug_line    0x00000e51     0x1a62 ..\obj\stm32f10x_tim.o
 .debug_line    0x000028b3      0xb66 ..\obj\ds18b20.o
 .debug_line    0x00003419      0x32b ..\obj\system_stm32f10x.o
 .debug_line    0x00003744      0x394 ..\obj\stm32f10x_pwr.o
 .debug_line    0x00003ad8       0xd3 ..\obj\startup_stm32f10x_md.o
 .debug_line    0x00003bab      0x6d4 ..\obj\stm32f10x_gpio.o
 .debug_line    0x0000427f      0xd81 ..\obj\main.o
 .debug_line    0x00005000      0x89d ..\obj\stm32f10x_rcc.o
 .debug_line    0x0000589d      0x920 ..\obj\nokia_5110.o
 .debug_line    0x000061bd      0xa97 ..\obj\stm32f10x_adc.o
 .debug_line    0x00006c54      0x811 ..\obj\key.o
 .debug_line    0x00007465      0x910 ..\obj\stm32f10x_usart.o
 .debug_line    0x00007d75      0x4b3 ..\obj\time.o
 .debug_line    0x00008228      0x9a4 ..\obj\stm32f10x_flash.o
 .debug_line    0x00008bcc      0x3c0 ..\obj\adc.o
 .debug_line    0x00008f8c      0x2e5 ..\obj\misc.o
 .debug_line    0x00009271      0x77b ..\obj\stm32f10x_spi.o
 .debug_line    0x000099ec      0x242 ..\obj\stm32f10x_iwdg.o

.debug_str      0x00000000     0x382a
 .debug_str     0x00000000      0x3a9 ..\obj\stm32f10x_rtc.o
                                0x419 (size before relaxing)
 .debug_str     0x000003a9       0x5e ..\obj\prtf.o
                                0x231 (size before relaxing)
 .debug_str     0x00000407       0xd8 ..\obj\main_meny.o
                                0x2c7 (size before relaxing)
 .debug_str     0x000004df       0x8b ..\obj\delay.o
                                0x260 (size before relaxing)
 .debug_str     0x0000056a      0xbb1 ..\obj\stm32f10x_tim.o
                                0xe82 (size before relaxing)
 .debug_str     0x0000111b      0x4a2 ..\obj\ds18b20.o
                                0x760 (size before relaxing)
 .debug_str     0x000015bd      0x160 ..\obj\system_stm32f10x.o
                                0x356 (size before relaxing)
 .debug_str     0x0000171d      0x12a ..\obj\stm32f10x_pwr.o
                                0x3b0 (size before relaxing)
 .debug_str     0x00001847       0xca ..\obj\startup_stm32f10x_md.o
                                0x1d5 (size before relaxing)
 .debug_str     0x00001911      0x211 ..\obj\stm32f10x_gpio.o
                                0x5a7 (size before relaxing)
 .debug_str     0x00001b22      0x277 ..\obj\main.o
                                0x750 (size before relaxing)
 .debug_str     0x00001d99      0x389 ..\obj\stm32f10x_rcc.o
                                0x691 (size before relaxing)
 .debug_str     0x00002122      0x523 ..\obj\nokia_5110.o
                                0xb70 (size before relaxing)
 .debug_str     0x00002645      0x543 ..\obj\stm32f10x_adc.o
                                0x789 (size before relaxing)
 .debug_str     0x00002b88       0x78 ..\obj\key.o
                                0x46a (size before relaxing)
 .debug_str     0x00002c00      0x34b ..\obj\stm32f10x_usart.o
                                0x747 (size before relaxing)
 .debug_str     0x00002f4b       0xee ..\obj\time.o
                                0x926 (size before relaxing)
 .debug_str     0x00003039      0x368 ..\obj\stm32f10x_flash.o
                                0x65f (size before relaxing)
 .debug_str     0x000033a1       0x52 ..\obj\adc.o
                                0x568 (size before relaxing)
 .debug_str     0x000033f3       0xe4 ..\obj\misc.o
                                0x435 (size before relaxing)
 .debug_str     0x000034d7      0x283 ..\obj\stm32f10x_spi.o
                                0x6b4 (size before relaxing)
 .debug_str     0x0000375a       0xd0 ..\obj\stm32f10x_iwdg.o
                                0x2d3 (size before relaxing)

.debug_frame    0x00000000     0x238c
 .debug_frame   0x00000000      0x114 ..\obj\stm32f10x_rtc.o
 .debug_frame   0x00000114       0xac ..\obj\prtf.o
 .debug_frame   0x000001c0       0x84 ..\obj\delay.o
 .debug_frame   0x00000244      0x6b0 ..\obj\stm32f10x_tim.o
 .debug_frame   0x000008f4      0x304 ..\obj\ds18b20.o
 .debug_frame   0x00000bf8       0x38 ..\obj\system_stm32f10x.o
 .debug_frame   0x00000c30       0xac ..\obj\stm32f10x_pwr.o
 .debug_frame   0x00000cdc       0x40 ..\obj\startup_stm32f10x_md.o
 .debug_frame   0x00000d1c      0x170 ..\obj\stm32f10x_gpio.o
 .debug_frame   0x00000e8c      0x1b0 ..\obj\main.o
 .debug_frame   0x0000103c      0x220 ..\obj\stm32f10x_rcc.o
 .debug_frame   0x0000125c      0x1ac ..\obj\nokia_5110.o
 .debug_frame   0x00001408      0x290 ..\obj\stm32f10x_adc.o
 .debug_frame   0x00001698      0x1c0 ..\obj\key.o
 .debug_frame   0x00001858      0x224 ..\obj\stm32f10x_usart.o
 .debug_frame   0x00001a7c       0xb8 ..\obj\time.o
 .debug_frame   0x00001b34      0x244 ..\obj\stm32f10x_flash.o
 .debug_frame   0x00001d78       0x78 ..\obj\adc.o
 .debug_frame   0x00001df0       0x6c ..\obj\misc.o
 .debug_frame   0x00001e5c      0x1c0 ..\obj\stm32f10x_spi.o
 .debug_frame   0x0000201c       0x70 ..\obj\stm32f10x_iwdg.o
 .debug_frame   0x0000208c       0x4c c:/coocox/8 2018-q4-major/bin/../lib/gcc/arm-none-eabi/8.2.1/thumb/v7-m/nofp\libgcc.a(_arm_addsubsf3.o)
 .debug_frame   0x000020d8       0x38 c:/coocox/8 2018-q4-major/bin/../lib/gcc/arm-none-eabi/8.2.1/thumb/v7-m/nofp\libgcc.a(_arm_muldivsf3.o)
 .debug_frame   0x00002110       0xc8 c:/coocox/8 2018-q4-major/bin/../lib/gcc/arm-none-eabi/8.2.1/thumb/v7-m/nofp\libgcc.a(_arm_cmpsf2.o)
 .debug_frame   0x000021d8       0x24 c:/coocox/8 2018-q4-major/bin/../lib/gcc/arm-none-eabi/8.2.1/thumb/v7-m/nofp\libgcc.a(_arm_fixunssfsi.o)
 .debug_frame   0x000021fc       0x5c c:/coocox/8 2018-q4-major/bin/../lib/gcc/arm-none-eabi/8.2.1/../../../../arm-none-eabi/lib/thumb/v7-m/nofp\libc.a(lib_a-__call_atexit.o)
 .debug_frame   0x00002258       0x20 c:/coocox/8 2018-q4-major/bin/../lib/gcc/arm-none-eabi/8.2.1/../../../../arm-none-eabi/lib/thumb/v7-m/nofp\libc.a(lib_a-atexit.o)
 .debug_frame   0x00002278       0x34 c:/coocox/8 2018-q4-major/bin/../lib/gcc/arm-none-eabi/8.2.1/../../../../arm-none-eabi/lib/thumb/v7-m/nofp\libc.a(lib_a-fini.o)
 .debug_frame   0x000022ac       0xb0 c:/coocox/8 2018-q4-major/bin/../lib/gcc/arm-none-eabi/8.2.1/../../../../arm-none-eabi/lib/thumb/v7-m/nofp\libc.a(lib_a-lock.o)
 .debug_frame   0x0000235c       0x30 c:/coocox/8 2018-q4-major/bin/../lib/gcc/arm-none-eabi/8.2.1/../../../../arm-none-eabi/lib/thumb/v7-m/nofp\libc.a(lib_a-__atexit.o)
