Archive member included to satisfy reference by file (symbol)

c:/coocox/8 2018-q4-major/bin/../lib/gcc/arm-none-eabi/8.2.1/thumb/v7-m/nofp\libgcc.a(_arm_addsubdf3.o)
                              ..\obj\ds18b20.o (__aeabi_f2d)
c:/coocox/8 2018-q4-major/bin/../lib/gcc/arm-none-eabi/8.2.1/thumb/v7-m/nofp\libgcc.a(_arm_muldivdf3.o)
                              ..\obj\ds18b20.o (__aeabi_dmul)
c:/coocox/8 2018-q4-major/bin/../lib/gcc/arm-none-eabi/8.2.1/thumb/v7-m/nofp\libgcc.a(_arm_fixdfsi.o)
                              ..\obj\ds18b20.o (__aeabi_d2iz)
c:/coocox/8 2018-q4-major/bin/../lib/gcc/arm-none-eabi/8.2.1/thumb/v7-m/nofp\libgcc.a(_arm_addsubsf3.o)
                              ..\obj\adc.o (__aeabi_fsub)
c:/coocox/8 2018-q4-major/bin/../lib/gcc/arm-none-eabi/8.2.1/thumb/v7-m/nofp\libgcc.a(_arm_muldivsf3.o)
                              ..\obj\ds18b20.o (__aeabi_fmul)
c:/coocox/8 2018-q4-major/bin/../lib/gcc/arm-none-eabi/8.2.1/thumb/v7-m/nofp\libgcc.a(_arm_cmpsf2.o)
                              ..\obj\prtf.o (__aeabi_fcmplt)
c:/coocox/8 2018-q4-major/bin/../lib/gcc/arm-none-eabi/8.2.1/thumb/v7-m/nofp\libgcc.a(_arm_fixunssfsi.o)
                              ..\obj\prtf.o (__aeabi_f2uiz)
c:/coocox/8 2018-q4-major/bin/../lib/gcc/arm-none-eabi/8.2.1/../../../../arm-none-eabi/lib/thumb/v7-m/nofp\libc.a(lib_a-exit.o)
                              c:/coocox/8 2018-q4-major/bin/../lib/gcc/arm-none-eabi/8.2.1/../../../../arm-none-eabi/lib/thumb/v7-m/nofp/crt0.o (exit)
c:/coocox/8 2018-q4-major/bin/../lib/gcc/arm-none-eabi/8.2.1/../../../../arm-none-eabi/lib/thumb/v7-m/nofp\libc.a(lib_a-impure.o)
                              c:/coocox/8 2018-q4-major/bin/../lib/gcc/arm-none-eabi/8.2.1/../../../../arm-none-eabi/lib/thumb/v7-m/nofp\libc.a(lib_a-exit.o) (_global_impure_ptr)
c:/coocox/8 2018-q4-major/bin/../lib/gcc/arm-none-eabi/8.2.1/../../../../arm-none-eabi/lib/thumb/v7-m/nofp\libc.a(lib_a-init.o)
                              c:/coocox/8 2018-q4-major/bin/../lib/gcc/arm-none-eabi/8.2.1/../../../../arm-none-eabi/lib/thumb/v7-m/nofp/crt0.o (__libc_init_array)
c:/coocox/8 2018-q4-major/bin/../lib/gcc/arm-none-eabi/8.2.1/../../../../arm-none-eabi/lib/thumb/v7-m/nofp\libc.a(lib_a-memset.o)
                              c:/coocox/8 2018-q4-major/bin/../lib/gcc/arm-none-eabi/8.2.1/../../../../arm-none-eabi/lib/thumb/v7-m/nofp/crt0.o (memset)
c:/coocox/8 2018-q4-major/bin/../lib/gcc/arm-none-eabi/8.2.1/../../../../arm-none-eabi/lib/thumb/v7-m/nofp\libc.a(lib_a-__call_atexit.o)
                              c:/coocox/8 2018-q4-major/bin/../lib/gcc/arm-none-eabi/8.2.1/../../../../arm-none-eabi/lib/thumb/v7-m/nofp\libc.a(lib_a-exit.o) (__call_exitprocs)
c:/coocox/8 2018-q4-major/bin/../lib/gcc/arm-none-eabi/8.2.1/../../../../arm-none-eabi/lib/thumb/v7-m/nofp\libc.a(lib_a-atexit.o)
                              c:/coocox/8 2018-q4-major/bin/../lib/gcc/arm-none-eabi/8.2.1/../../../../arm-none-eabi/lib/thumb/v7-m/nofp\libc.a(lib_a-__call_atexit.o) (atexit)
c:/coocox/8 2018-q4-major/bin/../lib/gcc/arm-none-eabi/8.2.1/../../../../arm-none-eabi/lib/thumb/v7-m/nofp\libc.a(lib_a-fini.o)
                              c:/coocox/8 2018-q4-major/bin/../lib/gcc/arm-none-eabi/8.2.1/../../../../arm-none-eabi/lib/thumb/v7-m/nofp\libc.a(lib_a-__call_atexit.o) (__libc_fini_array)
c:/coocox/8 2018-q4-major/bin/../lib/gcc/arm-none-eabi/8.2.1/../../../../arm-none-eabi/lib/thumb/v7-m/nofp\libc.a(lib_a-lock.o)
                              c:/coocox/8 2018-q4-major/bin/../lib/gcc/arm-none-eabi/8.2.1/../../../../arm-none-eabi/lib/thumb/v7-m/nofp\libc.a(lib_a-__call_atexit.o) (__retarget_lock_acquire_recursive)
c:/coocox/8 2018-q4-major/bin/../lib/gcc/arm-none-eabi/8.2.1/../../../../arm-none-eabi/lib/thumb/v7-m/nofp\libc.a(lib_a-__atexit.o)
                              c:/coocox/8 2018-q4-major/bin/../lib/gcc/arm-none-eabi/8.2.1/../../../../arm-none-eabi/lib/thumb/v7-m/nofp\libc.a(lib_a-atexit.o) (__register_exitproc)

Allocating common symbols
Common symbol       size              file

__lock___atexit_recursive_mutex
                    0x1               c:/coocox/8 2018-q4-major/bin/../lib/gcc/arm-none-eabi/8.2.1/../../../../arm-none-eabi/lib/thumb/v7-m/nofp\libc.a(lib_a-lock.o)
temp_water          0x18              ..\obj\main_meny.o
__lock___arc4random_mutex
                    0x1               c:/coocox/8 2018-q4-major/bin/../lib/gcc/arm-none-eabi/8.2.1/../../../../arm-none-eabi/lib/thumb/v7-m/nofp\libc.a(lib_a-lock.o)
oscl                0x55              ..\obj\main_meny.o
nach                0x1               ..\obj\main_meny.o
sysclock            0x2               ..\obj\main_meny.o
adc_calib           0x2               ..\obj\main_meny.o
cont_circut         0x1               ..\obj\main_meny.o
temp_in             0x18              ..\obj\main_meny.o
__lock___env_recursive_mutex
[...]
Memory Configuration

Name             Origin             Length             Attributes
rom              0x08000000         0x00010000         xr
ram              0x20000000         0x00005000         xrw
*default*        0x00000000         0xffffffff

Linker script and memory map

LOAD c:/coocox/8 2018-q4-major/bin/../lib/gcc/arm-none-eabi/8.2.1/thumb/v7-m/nofp/crti.o
LOAD c:/coocox/8 2018-q4-major/bin/../lib/gcc/arm-none-eabi/8.2.1/thumb/v7-m/nofp/crtbegin.o
LOAD c:/coocox/8 2018-q4-major/bin/../lib/gcc/arm-none-eabi/8.2.1/../../../../arm-none-eabi/lib/thumb/v7-m/nofp/crt0.o
                0x20005000                _eram = 0x20005000

.text           0x08000000     0x2f74
 *(.isr_vector)
 .isr_vector    0x08000000      0x10c ..\obj\startup_stm32f10x_md.o
                0x08000000                g_pfnVectors
 *(.text*)
 .text          0x0800010c       0x40 c:/coocox/8 2018-q4-major/bin/../lib/gcc/arm-none-eabi/8.2.1/thumb/v7-m/nofp/crtbegin.o
 .text.RTC_ITConfig
                0x0800014c       0x18 ..\obj\stm32f10x_rtc.o
                0x0800014c                RTC_ITConfig
 .text.RTC_EnterConfigMode
                0x08000164       0x10 ..\obj\stm32f10x_rtc.o
                0x08000164                RTC_EnterConfigMode
 .text.RTC_ExitConfigMode
                0x08000174       0x14 ..\obj\stm32f10x_rtc.o
                0x08000174                RTC_ExitConfigMode
 .text.RTC_GetCounter
                0x08000188       0x10 ..\obj\stm32f10x_rtc.o
                0x08000188                RTC_GetCounter
 .text.RTC_SetPrescaler
                0x08000198       0x20 ..\obj\stm32f10x_rtc.o
                0x08000198                RTC_SetPrescaler
 .text.RTC_WaitForLastTask
                0x080001b8       0x10 ..\obj\stm32f10x_rtc.o
                0x080001b8                RTC_WaitForLastTask
 .text.RTC_WaitForSynchro
                0x080001c8       0x1c ..\obj\stm32f10x_rtc.o
                0x080001c8                RTC_WaitForSynchro
 .text.RTC_ClearFlag
                0x080001e4       0x10 ..\obj\stm32f10x_rtc.o
                0x080001e4                RTC_ClearFlag
 .text.RTC_GetITStatus
                0x080001f4       0x20 ..\obj\stm32f10x_rtc.o
                0x080001f4                RTC_GetITStatus
 .text.RTC_ClearITPendingBit
                0x08000214        0x4 ..\obj\stm32f10x_rtc.o
                0x08000214                RTC_ClearITPendingBit
 .text._sprtffd
                0x08000218       0x94 ..\obj\prtf.o
                0x08000218                _sprtffd
 .text.D_To_H   0x080002ac       0x34 ..\obj\prtf.o
                0x080002ac                D_To_H
 .text._sprtf16
                0x080002e0       0x1c ..\obj\prtf.o
                0x080002e0                _sprtf16
 .text.chek_str
                0x080002fc       0x26 ..\obj\prtf.o
                0x080002fc                chek_str
 *fill*         0x08000322        0x2 
 .text.delay_init
                0x08000324       0x28 ..\obj\delay.o
                0x08000324                delay_init
 .text.load_cek
                0x0800034c       0x20 ..\obj\delay.o
                0x0800034c                load_cek
 .text.delay_ms
                0x0800036c       0x18 ..\obj\delay.o
                0x0800036c                delay_ms
 .text.delay_s  0x08000384       0x14 ..\obj\delay.o
                0x08000384                delay_s
 .text.delay_us
                0x08000398       0x18 ..\obj\delay.o
                0x08000398                delay_us
 .text.TIM_TimeBaseInit
                0x080003b0       0x94 ..\obj\stm32f10x_tim.o
                0x080003b0                TIM_TimeBaseInit
 .text.TIM_OC4Init
                0x08000444       0x68 ..\obj\stm32f10x_tim.o
                0x08000444                TIM_OC4Init
 .text.TIM_Cmd  0x080004ac       0x16 ..\obj\stm32f10x_tim.o
                0x080004ac                TIM_Cmd
 .text.TIM_ITConfig
                0x080004c2       0x10 ..\obj\stm32f10x_tim.o
                0x080004c2                TIM_ITConfig
 .text.TIM_ARRPreloadConfig
                0x080004d2       0x16 ..\obj\stm32f10x_tim.o
                0x080004d2                TIM_ARRPreloadConfig
 .text.TIM_OC4PreloadConfig
                0x080004e8       0x14 ..\obj\stm32f10x_tim.o
                0x080004e8                TIM_OC4PreloadConfig
 .text.TIM_GetITStatus
                0x080004fc       0x16 ..\obj\stm32f10x_tim.o
                0x080004fc                TIM_GetITStatus
 .text.TIM_ClearITPendingBit
                0x08000512        0x8 ..\obj\stm32f10x_tim.o
                0x08000512                TIM_ClearITPendingBit
 *fill*         0x0800051a        0x2 
 .text.Init_USART_GPIO_DS18B20
                0x0800051c       0x54 ..\obj\ds18b20.o
                0x0800051c                Init_USART_GPIO_DS18B20
 .text.Reset_USART_DS18B20
                0x08000570       0x68 ..\obj\ds18b20.o
                0x08000570                Reset_USART_DS18B20
 .text.Write_USART_DS18B20
                0x080005d8       0x3c ..\obj\ds18b20.o
                0x080005d8                Write_USART_DS18B20
 .text.Read_byt_USART_DS18B20
                0x08000614       0x58 ..\obj\ds18b20.o
                0x08000614                Read_byt_USART_DS18B20
 .text.Start_USART_DS18B20
                0x0800066c       0x16 ..\obj\ds18b20.o
                0x0800066c                Start_USART_DS18B20
 *fill*         0x08000682        0x2 
 .text.Get_Rom_USART_DS18B20
                0x08000684       0x2c ..\obj\ds18b20.o
                0x08000684                Get_Rom_USART_DS18B20
 .text.Set_Rom_USART_DS18B20
                0x080006b0       0x20 ..\obj\ds18b20.o
                0x080006b0                Set_Rom_USART_DS18B20
 .text.Get_CFG_USART_DS18B20
                0x080006d0       0x52 ..\obj\ds18b20.o
                0x080006d0                Get_CFG_USART_DS18B20
 .text.GET_RAM_USART_DS18B20
                0x08000722       0x3e ..\obj\ds18b20.o
                0x08000722                GET_RAM_USART_DS18B20
 .text.CONV_TEMP_DS18B20
                0x08000760       0x2a ..\obj\ds18b20.o
                0x08000760                CONV_TEMP_DS18B20
 *fill*         0x0800078a        0x2 
 .text.SystemInit
                0x0800078c       0xf0 ..\obj\system_stm32f10x.o
                0x0800078c                SystemInit
 .text.Default_Handler
                0x0800087c        0x2 ..\obj\startup_stm32f10x_md.o
                0x0800087c                EXTI2_IRQHandler
                0x0800087c                DebugMon_Handler
                0x0800087c                TIM1_CC_IRQHandler
                0x0800087c                HardFault_Handler
                0x0800087c                SysTick_Handler
                0x0800087c                PVD_IRQHandler
                0x0800087c                PendSV_Handler
                0x0800087c                NMI_Handler
                0x0800087c                EXTI3_IRQHandler
                0x0800087c                EXTI0_IRQHandler
                0x0800087c                I2C2_EV_IRQHandler
                0x0800087c                UsageFault_Handler
                0x0800087c                ADC1_2_IRQHandler
                0x0800087c                SPI1_IRQHandler
                0x0800087c                TAMPER_IRQHandler
                0x0800087c                DMA1_Channel4_IRQHandler
                0x0800087c                USART3_IRQHandler
                0x0800087c                DMA1_Channel7_IRQHandler
                0x0800087c                CAN1_RX1_IRQHandler
                0x0800087c                I2C1_EV_IRQHandler
                0x0800087c                DMA1_Channel6_IRQHandler
                0x0800087c                TIM3_IRQHandler
                0x0800087c                RCC_IRQHandler
                0x0800087c                TIM1_TRG_COM_IRQHandler
                0x0800087c                DMA1_Channel1_IRQHandler
                0x0800087c                EXTI9_5_IRQHandler
                0x0800087c                SPI2_IRQHandler
                0x0800087c                MemManage_Handler
                0x0800087c                SVC_Handler
                0x0800087c                DMA1_Channel5_IRQHandler
                0x0800087c                EXTI4_IRQHandler
                0x0800087c                USB_LP_CAN1_RX0_IRQHandler
                0x0800087c                USB_HP_CAN1_TX_IRQHandler
                0x0800087c                DMA1_Channel3_IRQHandler
                0x0800087c                TIM1_UP_IRQHandler
                0x0800087c                WWDG_IRQHandler
                0x0800087c                TIM2_IRQHandler
                0x0800087c                TIM1_BRK_IRQHandler
                0x0800087c                EXTI1_IRQHandler
                0x0800087c                RTCAlarm_IRQHandler
                0x0800087c                USART2_IRQHandler
                0x0800087c                I2C2_ER_IRQHandler
                0x0800087c                DMA1_Channel2_IRQHandler
                0x0800087c                CAN1_SCE_IRQHandler
                0x0800087c                FLASH_IRQHandler
                0x0800087c                BusFault_Handler
                0x0800087c                USART1_IRQHandler
                0x0800087c                I2C1_ER_IRQHandler
                0x0800087c                USBWakeUp_IRQHandler
 *fill*         0x0800087e        0x2 
 .text.Default_Reset_Handler
                0x08000880       0x48 ..\obj\startup_stm32f10x_md.o
                0x08000880                Default_Reset_Handler
                0x08000880                Reset_Handler
 .text.PWR_BackupAccessCmd
                0x080008c8        0xc ..\obj\stm32f10x_pwr.o
                0x080008c8                PWR_BackupAccessCmd
 .text.GPIO_Init
                0x080008d4       0xa2 ..\obj\stm32f10x_gpio.o
                0x080008d4                GPIO_Init
 .text.GPIO_ReadInputDataBit
                0x08000976        0xc ..\obj\stm32f10x_gpio.o
                0x08000976                GPIO_ReadInputDataBit
 .text.GPIO_SetBits
                0x08000982        0x4 ..\obj\stm32f10x_gpio.o
                0x08000982                GPIO_SetBits
 .text.GPIO_ResetBits
                0x08000986        0x4 ..\obj\stm32f10x_gpio.o
                0x08000986                GPIO_ResetBits
 .text.GPIO_EXTILineConfig
                0x0800098a       0x2a ..\obj\stm32f10x_gpio.o
                0x0800098a                GPIO_EXTILineConfig
 .text.conv_dir
                0x080009b4       0x44 ..\obj\main.o
                0x080009b4                conv_dir
 .text.RTC_IRQHandler
                0x080009f8       0x34 ..\obj\main.o
                0x080009f8                RTC_IRQHandler
 .text.TIM4_IRQHandler
                0x08000a2c       0x3c ..\obj\main.o
                0x08000a2c                TIM4_IRQHandler
 .text.clock    0x08000a68      0x298 ..\obj\main.o
                0x08000a68                clock
 .text.set_d_ds18b20
                0x08000d00       0xd8 ..\obj\main.o
                0x08000d00                set_d_ds18b20
 .text.save_ok  0x08000dd8       0x3c ..\obj\main.o
                0x08000dd8                save_ok
 .text.no_save  0x08000e14       0x3c ..\obj\main.o
                0x08000e14                no_save
 .text.messag   0x08000e50       0x3c ..\obj\main.o
                0x08000e50                messag
 .text.FLASH_Write
                0x08000e8c       0x34 ..\obj\main.o
                0x08000e8c                FLASH_Write
 .text.write_seatings
                0x08000ec0       0x7c ..\obj\main.o
                0x08000ec0                write_seatings
 .text.FLASH_read
                0x08000f3c       0x28 ..\obj\main.o
                0x08000f3c                FLASH_read
 .text.convert_atl_ath
                0x08000f64       0x1c ..\obj\main.o
                0x08000f64                convert_atl_ath
 .text.read_seatings
                0x08000f80       0xb0 ..\obj\main.o
                0x08000f80                read_seatings
 .text.set_def_list
                0x08001030       0x68 ..\obj\main.o
                0x08001030                set_def_list
 .text.meny_driv
                0x08001098       0x64 ..\obj\main.o
                0x08001098                meny_driv
 .text.startup.main
                0x080010fc      0x73c ..\obj\main.o
                0x080010fc                main
 .text.EXTI15_10_IRQHandler
                0x08001838        0x8 ..\obj\main.o
                0x08001838                EXTI15_10_IRQHandler
 .text.RCC_PLLCmd
                0x08001840        0xc ..\obj\stm32f10x_rcc.o
                0x08001840                RCC_PLLCmd
 .text.RCC_SYSCLKConfig
                0x0800184c       0x14 ..\obj\stm32f10x_rcc.o
                0x0800184c                RCC_SYSCLKConfig
 .text.RCC_HCLKConfig
                0x08001860       0x14 ..\obj\stm32f10x_rcc.o
                0x08001860                RCC_HCLKConfig
 .text.RCC_LSEConfig
                0x08001874       0x20 ..\obj\stm32f10x_rcc.o
                0x08001874                RCC_LSEConfig
 .text.RCC_RTCCLKConfig
                0x08001894       0x10 ..\obj\stm32f10x_rcc.o
                0x08001894                RCC_RTCCLKConfig
 .text.RCC_RTCCLKCmd
                0x080018a4        0xc ..\obj\stm32f10x_rcc.o
                0x080018a4                RCC_RTCCLKCmd
 .text.RCC_GetClocksFreq
                0x080018b0       0x84 ..\obj\stm32f10x_rcc.o
                0x080018b0                RCC_GetClocksFreq
 .text.RCC_APB2PeriphClockCmd
                0x08001934       0x1c ..\obj\stm32f10x_rcc.o
                0x08001934                RCC_APB2PeriphClockCmd
 .text.RCC_APB1PeriphClockCmd
                0x08001950       0x1c ..\obj\stm32f10x_rcc.o
                0x08001950                RCC_APB1PeriphClockCmd
 .text.RCC_GetFlagStatus
                0x0800196c       0x28 ..\obj\stm32f10x_rcc.o
                0x0800196c                RCC_GetFlagStatus
 .text.gpio_spi_Init
                0x08001994       0x84 ..\obj\nokia_5110.o
                0x08001994                gpio_spi_Init
 .text.lcd_wbyte
                0x08001a18       0x2c ..\obj\nokia_5110.o
                0x08001a18                lcd_wbyte
 .text.lcd_write_cmd
                0x08001a44       0x1c ..\obj\nokia_5110.o
                0x08001a44                lcd_write_cmd
 .text.lcd_write_dat
                0x08001a60       0x1c ..\obj\nokia_5110.o
                0x08001a60                lcd_write_dat
 .text.lcd_set_pos
                0x08001a7c       0x18 ..\obj\nokia_5110.o
                0x08001a7c                lcd_set_pos
 .text.lcd_clear
                0x08001a94       0x1e ..\obj\nokia_5110.o
                0x08001a94                lcd_clear
 *fill*         0x08001ab2        0x2 
 .text.init_lcd_5110
                0x08001ab4       0x68 ..\obj\nokia_5110.o
                0x08001ab4                init_lcd_5110
 .text.lcd_set_sector
                0x08001b1c       0x4c ..\obj\nokia_5110.o
                0x08001b1c                lcd_set_sector
 .text.lcd_set_strs
                0x08001b68      0x140 ..\obj\nokia_5110.o
                0x08001b68                lcd_set_strs
 .text.lcd_set_rect
                0x08001ca8       0x20 ..\obj\nokia_5110.o
                0x08001ca8                lcd_set_rect
 .text.EXTI_Init
                0x08001cc8       0x68 ..\obj\stm32f10x_exti.o
                0x08001cc8                EXTI_Init
 .text.EXTI_ClearITPendingBit
                0x08001d30        0xc ..\obj\stm32f10x_exti.o
                0x08001d30                EXTI_ClearITPendingBit
 .text.ADC_Init
                0x08001d3c       0x48 ..\obj\stm32f10x_adc.o
                0x08001d3c                ADC_Init
 .text.ADC_Cmd  0x08001d84       0x12 ..\obj\stm32f10x_adc.o
                0x08001d84                ADC_Cmd
 .text.ADC_ResetCalibration
                0x08001d96        0xa ..\obj\stm32f10x_adc.o
                0x08001d96                ADC_ResetCalibration
 .text.ADC_GetResetCalibrationStatus
                0x08001da0        0x8 ..\obj\stm32f10x_adc.o
                0x08001da0                ADC_GetResetCalibrationStatus
 .text.ADC_StartCalibration
                0x08001da8        0xa ..\obj\stm32f10x_adc.o
                0x08001da8                ADC_StartCalibration
 .text.ADC_GetCalibrationStatus
                0x08001db2        0x8 ..\obj\stm32f10x_adc.o
                0x08001db2                ADC_GetCalibrationStatus
 .text.ADC_SoftwareStartConvCmd
                0x08001dba       0x12 ..\obj\stm32f10x_adc.o
                0x08001dba                ADC_SoftwareStartConvCmd
 .text.ADC_RegularChannelConfig
                0x08001dcc       0x8c ..\obj\stm32f10x_adc.o
                0x08001dcc                ADC_RegularChannelConfig
 .text.ADC_GetConversionValue
                0x08001e58        0x6 ..\obj\stm32f10x_adc.o
                0x08001e58                ADC_GetConversionValue
 .text.ADC_GetFlagStatus
                0x08001e5e        0xc ..\obj\stm32f10x_adc.o
                0x08001e5e                ADC_GetFlagStatus
 .text.ADC_ClearFlag
                0x08001e6a        0x6 ..\obj\stm32f10x_adc.o
                0x08001e6a                ADC_ClearFlag
 .text.key_init
                0x08001e70       0x24 ..\obj\key.o
                0x08001e70                key_init
 .text.init_in_out
                0x08001e94       0x24 ..\obj\key.o
                0x08001e94                init_in_out
 .text.NVIC_EXTI_Configuration
                0x08001eb8       0x4c ..\obj\key.o
                0x08001eb8                NVIC_EXTI_Configuration
 .text.blinc_init
                0x08001f04       0x30 ..\obj\key.o
                0x08001f04                blinc_init
 .text.ILL_init
                0x08001f34       0x98 ..\obj\key.o
                0x08001f34                ILL_init
 .text.level    0x08001fcc        0xc ..\obj\key.o
                0x08001fcc                level
 .text.ILL_ON   0x08001fd8       0x30 ..\obj\key.o
                0x08001fd8                ILL_ON
 .text.ILL_OFF  0x08002008       0x38 ..\obj\key.o
                0x08002008                ILL_OFF
 .text.BIP_init
                0x08002040       0x24 ..\obj\key.o
                0x08002040                BIP_init
 .text.key_ini  0x08002064       0x28 ..\obj\key.o
                0x08002064                key_ini
 .text.BIP      0x0800208c       0x38 ..\obj\key.o
                0x0800208c                BIP
 .text.key_st   0x080020c4       0xc4 ..\obj\key.o
                0x080020c4                key_st
 .text.BipStop  0x08002188       0x30 ..\obj\key.o
                0x08002188                BipStop
 .text.USART_Init
                0x080021b8       0xa0 ..\obj\stm32f10x_usart.o
                0x080021b8                USART_Init
 .text.USART_Cmd
                0x08002258       0x16 ..\obj\stm32f10x_usart.o
                0x08002258                USART_Cmd
 .text.USART_SendData
                0x0800226e        0x8 ..\obj\stm32f10x_usart.o
                0x0800226e                USART_SendData
 .text.USART_ReceiveData
                0x08002276        0x8 ..\obj\stm32f10x_usart.o
                0x08002276                USART_ReceiveData
 .text.USART_GetFlagStatus
                0x0800227e        0xc ..\obj\stm32f10x_usart.o
                0x0800227e                USART_GetFlagStatus
 .text.USART_ClearFlag
                0x0800228a        0x8 ..\obj\stm32f10x_usart.o
                0x0800228a                USART_ClearFlag
 *fill*         0x08002292        0x2 
 .text.timer_to_cal
                0x08002294       0xbc ..\obj\time.o
                0x08002294                timer_to_cal
 .text.cal_to_timer
                0x08002350       0x84 ..\obj\time.o
                0x08002350                cal_to_timer
 .text.RTC_SetCounter_
                0x080023d4       0x24 ..\obj\time.o
                0x080023d4                RTC_SetCounter_
 .text.NVIC_Configuration
                0x080023f8       0x28 ..\obj\time.o
                0x080023f8                NVIC_Configuration
 .text.RTC_Configuration
                0x08002420       0x58 ..\obj\time.o
                0x08002420                RTC_Configuration
 .text.Init_Timer4
                0x08002478       0x78 ..\obj\time.o
                0x08002478                Init_Timer4
 .text.FLASH_Unlock
                0x080024f0       0x18 ..\obj\stm32f10x_flash.o
                0x080024f0                FLASH_Unlock
 .text.FLASH_Lock
                0x08002508       0x10 ..\obj\stm32f10x_flash.o
                0x08002508                FLASH_Lock
 .text.FLASH_ClearFlag
                0x08002518        0xc ..\obj\stm32f10x_flash.o
                0x08002518                FLASH_ClearFlag
 .text.FLASH_GetBank1Status
                0x08002524       0x28 ..\obj\stm32f10x_flash.o
                0x08002524                FLASH_GetBank1Status
 .text.FLASH_WaitForLastOperation
                0x0800254c       0x22 ..\obj\stm32f10x_flash.o
                0x0800254c                FLASH_WaitForLastOperation
 *fill*         0x0800256e        0x2 
 .text.FLASH_ErasePage
                0x08002570       0x40 ..\obj\stm32f10x_flash.o
                0x08002570                FLASH_ErasePage
 .text.FLASH_ProgramHalfWord
                0x080025b0       0x38 ..\obj\stm32f10x_flash.o
                0x080025b0                FLASH_ProgramHalfWord
 .text.adc_init
                0x080025e8       0x34 ..\obj\adc.o
                0x080025e8                adc_init
 .text.readADC1_W
                0x0800261c       0x94 ..\obj\adc.o
                0x0800261c                readADC1_W
 .text.NVIC_PriorityGroupConfig
                0x080026b0       0x14 ..\obj\misc.o
                0x080026b0                NVIC_PriorityGroupConfig
 .text.NVIC_Init
                0x080026c4       0x58 ..\obj\misc.o
                0x080026c4                NVIC_Init
 .text.NVIC_SystemLPConfig
                0x0800271c       0x1c ..\obj\misc.o
                0x0800271c                NVIC_SystemLPConfig
 .text.SPI_Init
                0x08002738       0x3c ..\obj\stm32f10x_spi.o
                0x08002738                SPI_Init
 .text.SPI_Cmd  0x08002774       0x16 ..\obj\stm32f10x_spi.o
                0x08002774                SPI_Cmd
 .text.SPI_I2S_SendData
                0x0800278a        0x4 ..\obj\stm32f10x_spi.o
                0x0800278a                SPI_I2S_SendData
 .text.SPI_I2S_GetFlagStatus
                0x0800278e        0xc ..\obj\stm32f10x_spi.o
                0x0800278e                SPI_I2S_GetFlagStatus
 *fill*         0x0800279a        0x2 
 .text.IWDG_ReloadCounter
                0x0800279c       0x10 ..\obj\stm32f10x_iwdg.o
                0x0800279c                IWDG_ReloadCounter
 .text          0x080027ac      0x21c c:/coocox/8 2018-q4-major/bin/../lib/gcc/arm-none-eabi/8.2.1/thumb/v7-m/nofp\libgcc.a(_arm_addsubsf3.o)
                0x080027ac                __aeabi_frsub
                0x080027b4                __subsf3
                0x080027b4                __aeabi_fsub
                0x080027b8                __aeabi_fadd
                0x080027b8                __addsf3
                0x08002918                __aeabi_ui2f
                0x08002918                __floatunsisf
                0x08002920                __aeabi_i2f
                0x08002920                __floatsisf
                0x0800293c                __aeabi_ul2f
                0x0800293c                __floatundisf
                0x0800294c                __aeabi_l2f
                0x0800294c                __floatdisf
 .text          0x080029c8      0x2a0 c:/coocox/8 2018-q4-major/bin/../lib/gcc/arm-none-eabi/8.2.1/thumb/v7-m/nofp\libgcc.a(_arm_muldivsf3.o)
                0x080029c8                __mulsf3
                0x080029c8                __aeabi_fmul
                0x08002b30                __aeabi_fdiv
                0x08002b30                __divsf3
 .text          0x08002c68       0xec c:/coocox/8 2018-q4-major/bin/../lib/gcc/arm-none-eabi/8.2.1/thumb/v7-m/nofp\libgcc.a(_arm_cmpsf2.o)
                0x08002c68                __gesf2
                0x08002c68                __gtsf2
                0x08002c70                __lesf2
                0x08002c70                __ltsf2
                0x08002c78                __nesf2
                0x08002c78                __eqsf2
                0x08002c78                __cmpsf2
                0x08002cd8                __aeabi_cfrcmple
                0x08002ce0                __aeabi_cfcmpeq
                0x08002ce0                __aeabi_cfcmple
                0x08002cf0                __aeabi_fcmpeq
                0x08002d04                __aeabi_fcmplt
                0x08002d18                __aeabi_fcmple
                0x08002d2c                __aeabi_fcmpge
                0x08002d40                __aeabi_fcmpgt
 .text          0x08002d54       0x40 c:/coocox/8 2018-q4-major/bin/../lib/gcc/arm-none-eabi/8.2.1/thumb/v7-m/nofp\libgcc.a(_arm_fixunssfsi.o)
                0x08002d54                __fixunssfsi
                0x08002d54                __aeabi_f2uiz
 .text.startup.register_fini
                0x08002d94       0x14 c:/coocox/8 2018-q4-major/bin/../lib/gcc/arm-none-eabi/8.2.1/../../../../arm-none-eabi/lib/thumb/v7-m/nofp\libc.a(lib_a-__call_atexit.o)
 .text.atexit   0x08002da8        0xc c:/coocox/8 2018-q4-major/bin/../lib/gcc/arm-none-eabi/8.2.1/../../../../arm-none-eabi/lib/thumb/v7-m/nofp\libc.a(lib_a-atexit.o)
                0x08002da8                atexit
 .text.__libc_fini_array
                0x08002db4       0x34 c:/coocox/8 2018-q4-major/bin/../lib/gcc/arm-none-eabi/8.2.1/../../../../arm-none-eabi/lib/thumb/v7-m/nofp\libc.a(lib_a-fini.o)
                0x08002db4                __libc_fini_array
 .text.__retarget_lock_acquire_recursive
                0x08002de8        0x4 c:/coocox/8 2018-q4-major/bin/../lib/gcc/arm-none-eabi/8.2.1/../../../../arm-none-eabi/lib/thumb/v7-m/nofp\libc.a(lib_a-lock.o)
                0x08002de8                __retarget_lock_acquire_recursive
 .text.__retarget_lock_release_recursive
                0x08002dec        0x4 c:/coocox/8 2018-q4-major/bin/../lib/gcc/arm-none-eabi/8.2.1/../../../../arm-none-eabi/lib/thumb/v7-m/nofp\libc.a(lib_a-lock.o)
                0x08002dec                __retarget_lock_release_recursive
 .text.__register_exitproc
                0x08002df0       0x84 c:/coocox/8 2018-q4-major/bin/../lib/gcc/arm-none-eabi/8.2.1/../../../../arm-none-eabi/lib/thumb/v7-m/nofp\libc.a(lib_a-__atexit.o)
                0x08002df0                __register_exitproc
 *(.init)
 .init          0x08002e74        0x4 c:/coocox/8 2018-q4-major/bin/../lib/gcc/arm-none-eabi/8.2.1/thumb/v7-m/nofp/crti.o
                0x08002e74                _init
 .init          0x08002e78        0x8 c:/coocox/8 2018-q4-major/bin/../lib/gcc/arm-none-eabi/8.2.1/thumb/v7-m/nofp/crtn.o
 *(.fini)
 .fini          0x08002e80        0x4 c:/coocox/8 2018-q4-major/bin/../lib/gcc/arm-none-eabi/8.2.1/thumb/v7-m/nofp/crti.o
                0x08002e80                _fini
 .fini          0x08002e84        0x8 c:/coocox/8 2018-q4-major/bin/../lib/gcc/arm-none-eabi/8.2.1/thumb/v7-m/nofp/crtn.o
 *crtbegin.o(.ctors)
 *crtbegin?.o(.ctors)
 *(EXCLUDE_FILE(*crtend.o *crtend?.o) .ctors)
 *(SORT_BY_NAME(.ctors.*))
 *(.ctors)
 *crtbegin.o(.dtors)
 *crtbegin?.o(.dtors)
 *(EXCLUDE_FILE(*crtend.o *crtend?.o) .dtors)
 *(SORT_BY_NAME(.dtors.*))
 *(.dtors)
 *(.rodata*)
 .rodata.str1.1
                0x08002e8c       0xe3 ..\obj\main.o
                                 0xe7 (size before relaxing)
 *fill*         0x08002f6f        0x1 
 .rodata._global_impure_ptr
                0x08002f70        0x4 c:/coocox/8 2018-q4-major/bin/../lib/gcc/arm-none-eabi/8.2.1/../../../../arm-none-eabi/lib/thumb/v7-m/nofp\libc.a(lib_a-impure.o)
                0x08002f70                _global_impure_ptr
 *(.eh_fram e*)

.eh_frame       0x08002f74        0x0
 .eh_frame      0x08002f74        0x0 c:/coocox/8 2018-q4-major/bin/../lib/gcc/arm-none-eabi/8.2.1/thumb/v7-m/nofp/crtbegin.o

.glue_7         0x08002f74        0x0
 .glue_7        0x08002f74        0x0 linker stubs

.glue_7t        0x08002f74        0x0
 .glue_7t       0x08002f74        0x0 linker stubs

.vfp11_veneer   0x08002f74        0x0
 .vfp11_veneer  0x08002f74        0x0 linker stubs

.v4_bx          0x08002f74        0x0
 .v4_bx         0x08002f74        0x0 linker stubs

.iplt           0x08002f74        0x0
 .iplt          0x08002f74        0x0 c:/coocox/8 2018-q4-major/bin/../lib/gcc/arm-none-eabi/8.2.1/thumb/v7-m/nofp/crtbegin.o

.rel.dyn        0x08002f74        0x0
 .rel.iplt      0x08002f74        0x0 c:/coocox/8 2018-q4-major/bin/../lib/gcc/arm-none-eabi/8.2.1/thumb/v7-m/nofp/crtbegin.o

.ARM.extab
 *(.ARM.extab* .gnu.linkonce.armextab.*)
                0x08002f74                __exidx_start = .

.ARM.exidx
 *(.ARM.exidx* .gnu.linkonce.armexidx.*)
                0x08002f74                __exidx_end = .
                0x08002f74                __etext = .
                0x08002f74                _sidata = __etext

.data           0x20000000     0x1530 load address 0x08002f74
                0x20000000                __data_start__ = .
                0x20000000                _sdata = __data_start__
 *(vtable)
 *(.data*)
 .data          0x20000000        0x9 ..\obj\main.o
                0x20000000                FLASHStatus
                0x20000001                celsiy_8x8
 .data          0x20000009       0x14 ..\obj\stm32f10x_rcc.o
 .data          0x2000001d     0x10da ..\obj\nokia_5110.o
                0x2000001d                FACII_8_16
                0x2000062d                SystemRus6x8
                0x200009f3                nums_j_16x24
                0x20000d35                nums15x31
 *fill*         0x200010f7        0x1 
 .data.impure_data
                0x200010f8      0x428 c:/coocox/8 2018-q4-major/bin/../lib/gcc/arm-none-eabi/8.2.1/../../../../arm-none-eabi/lib/thumb/v7-m/nofp\libc.a(lib_a-impure.o)
 .data.__atexit_recursive_mutex
                0x20001520        0x4 c:/coocox/8 2018-q4-major/bin/../lib/gcc/arm-none-eabi/8.2.1/../../../../arm-none-eabi/lib/thumb/v7-m/nofp\libc.a(lib_a-__call_atexit.o)
                0x20001520                __atexit_recursive_mutex
                0x20001524                . = ALIGN (0x4)
                0x20001524                PROVIDE (__preinit_array_start = .)
 *(.preinit_array)
                0x20001524                PROVIDE (__preinit_array_end = .)
                0x20001524                . = ALIGN (0x4)
                0x20001524                PROVIDE (__init_array_start = .)
 *(SORT_BY_NAME(.init_array.*))
 .init_array.00000
                0x20001524        0x4 c:/coocox/8 2018-q4-major/bin/../lib/gcc/arm-none-eabi/8.2.1/../../../../arm-none-eabi/lib/thumb/v7-m/nofp\libc.a(lib_a-__call_atexit.o)
 *(.init_array)
 .init_array    0x20001528        0x4 c:/coocox/8 2018-q4-major/bin/../lib/gcc/arm-none-eabi/8.2.1/thumb/v7-m/nofp/crtbegin.o
                0x2000152c                PROVIDE (__init_array_end = .)
                0x2000152c                . = ALIGN (0x4)
                0x2000152c                PROVIDE (__fini_array_start = .)
 *(SORT_BY_NAME(.fini_array.*))
 *(.fini_array)
 .fini_array    0x2000152c        0x4 c:/coocox/8 2018-q4-major/bin/../lib/gcc/arm-none-eabi/8.2.1/thumb/v7-m/nofp/crtbegin.o
                0x20001530                PROVIDE (__fini_array_end = .)
 *(.jcr*)
                0x20001530                . = ALIGN (0x4)
                0x20001530                __data_end__ = .
                0x20001530                _edata = __data_end__

.igot.plt       0x20001530        0x0 load address 0x080044a4
 .igot.plt      0x20001530        0x0 c:/coocox/8 2018-q4-major/bin/../lib/gcc/arm-none-eabi/8.2.1/thumb/v7-m/nofp/crtbegin.o

.bss            0x20001530      0x164 load address 0x080044a4
                0x20001530                . = ALIGN (0x4)
                0x20001530                __bss_start__ = .
                0x20001530                _sbss = __bss_start__
 *(.bss*)
 .bss           0x20001530       0x1c c:/coocox/8 2018-q4-major/bin/../lib/gcc/arm-none-eabi/8.2.1/thumb/v7-m/nofp/crtbegin.o
 .bss           0x2000154c        0x4 ..\obj\delay.o
 .bss           0x20001550        0x9 ..\obj\main.o
                0x20001550                timer
                0x20001554                list
                0x20001555                list_c
                0x20001556                cstart
                0x20001558                men
 *(COMMON)
 *fill*         0x20001559        0x3 
 COMMON         0x2000155c      0x104 ..\obj\main_meny.o
                0x2000155c                temp_water
                0x20001574                oscl
                0x200015c9                nach
                0x200015ca                sysclock
                0x200015cc                adc_calib
                0x200015ce                cont_circut
                0x200015d0                temp_in
                0x200015e8                x_oscl
                0x200015ec                temp_out
                0x20001604                temp_eng
                0x2000161c                data
                0x20001628                d
                0x2000162c                buf
                0x20001640                adr
                0x20001644                i_oscl
                0x20001645                code
                0x2000164e                level_ill
                0x20001650                keys
                0x20001654                unix_time
 COMMON         0x20001660       0x10 ..\obj\main.o
                0x20001660                S_dat
                0x20001661                S
                0x20001664                TCONTR
                0x20001668                L
                0x2000166c                settime
 COMMON         0x20001670       0x21 c:/coocox/8 2018-q4-major/bin/../lib/gcc/arm-none-eabi/8.2.1/../../../../arm-none-eabi/lib/thumb/v7-m/nofp\libc.a(lib_a-lock.o)
                0x20001670                __lock___atexit_recursive_mutex
                0x20001674                __lock___arc4random_mutex
                0x20001678                __lock___env_recursive_mutex
                0x2000167c                __lock___sinit_recursive_mutex
                0x20001680                __lock___malloc_recursive_mutex
                0x20001684                __lock___at_quick_exit_mutex
                0x20001688                __lock___dd_hash_mutex
                0x2000168c                __lock___tz_mutex
                0x20001690                __lock___sfp_recursive_mutex
                0x20001694                . = ALIGN (0x4)
 *fill*         0x20001691        0x3 
                0x20001694                __bss_end__ = .
                0x20001694                _ebss = __bss_end__

.heap           0x20001694        0x0
                0x20001694                __end__ = .
                0x20001694                _end = __end__
                0x20001694                end = __end__
 *(.heap*)
                0x20001694                __HeapLimit = .

.co_stack       0x20001694      0x404 load address 0x08004608
                0x20001698                . = ALIGN (0x8)
 *fill*         0x20001694        0x4 
 *(.co_stack .co_stack.*)
 .co_stack      0x20001698      0x400 ..\obj\startup_stm32f10x_md.o
                0x20001698                pulStack
                0x20005000                __StackTop = (ORIGIN (ram) + LENGTH (ram))
                0x20004bfc                __StackLimit = (__StackTop - SIZEOF (.co_stack))
                0x20005000                PROVIDE (__stack = __StackTop)
                0x00000001                ASSERT ((__StackLimit >= __HeapLimit), region ram  overflowed with stack)
LOAD ..\obj\stm32f10x_rtc.o
LOAD ..\obj\prtf.o
LOAD ..\obj\main_meny.o
LOAD ..\obj\delay.o
LOAD ..\obj\stm32f10x_tim.o
LOAD ..\obj\flash.o
LOAD ..\obj\ds18b20.o
LOAD ..\obj\system_stm32f10x.o
LOAD ..\obj\bat.o
LOAD ..\obj\chip_clock.o
LOAD ..\obj\startup_stm32f10x_md.o
LOAD ..\obj\stm32f10x_pwr.o
LOAD ..\obj\stm32f10x_gpio.o
LOAD ..\obj\main.o
LOAD ..\obj\stm32f10x_crc.o
LOAD ..\obj\stm32f10x_rcc.o
LOAD ..\obj\nokia_5110.o
LOAD ..\obj\stm32f10x_exti.o
LOAD ..\obj\stm32f10x_adc.o
LOAD ..\obj\key.o
LOAD ..\obj\stm32f10x_usart.o
LOAD ..\obj\time.o
LOAD ..\obj\syscalls.o
LOAD ..\obj\stm32f10x_flash.o
LOAD ..\obj\adc.o
LOAD ..\obj\misc.o
LOAD ..\obj\stm32f10x_spi.o
LOAD ..\obj\wdt.o
LOAD ..\obj\stm32f10x_bkp.o
LOAD ..\obj\stm32f10x_iwdg.o
LOAD c:/coocox/8 2018-q4-major/bin/../lib/gcc/arm-none-eabi/8.2.1/../../../../arm-none-eabi/lib/thumb/v7-m/nofp\libm.a
LOAD c:/coocox/8 2018-q4-major/bin/../lib/gcc/arm-none-eabi/8.2.1/thumb/v7-m/nofp\libgcc.a
LOAD c:/coocox/8 2018-q4-major/bin/../lib/gcc/arm-none-eabi/8.2.1/../../../../arm-none-eabi/lib/thumb/v7-m/nofp\libc.a
START GROUP
LOAD c:/coocox/8 2018-q4-major/bin/../lib/gcc/arm-none-eabi/8.2.1/thumb/v7-m/nofp\libgcc.a
LOAD c:/coocox/8 2018-q4-major/bin/../lib/gcc/arm-none-eabi/8.2.1/../../../../arm-none-eabi/lib/thumb/v7-m/nofp\libg.a
LOAD c:/coocox/8 2018-q4-major/bin/../lib/gcc/arm-none-eabi/8.2.1/../../../../arm-none-eabi/lib/thumb/v7-m/nofp\libc.a
END GROUP
LOAD c:/coocox/8 2018-q4-major/bin/../lib/gcc/arm-none-eabi/8.2.1/thumb/v7-m/nofp/crtend.o
LOAD c:/coocox/8 2018-q4-major/bin/../lib/gcc/arm-none-eabi/8.2.1/thumb/v7-m/nofp/crtn.o
OUTPUT(stm32f103c8_nokia_5110_doza.elf elf32-littlearm)

.ARM.attributes
                0x00000000       0x29
 .ARM.attributes
                0x00000000       0x1d c:/coocox/8 2018-q4-major/bin/../lib/gcc/arm-none-eabi/8.2.1/thumb/v7-m/nofp/crti.o
 .ARM.attributes
                0x0000001d       0x2d c:/coocox/8 2018-q4-major/bin/../lib/gcc/arm-none-eabi/8.2.1/thumb/v7-m/nofp/crtbegin.o
 .ARM.attributes
                0x0000004a       0x2d ..\obj\stm32f10x_rtc.o
 .ARM.attributes
                0x00000077       0x2d ..\obj\prtf.o
 .ARM.attributes
                0x000000a4       0x33 ..\obj\main_meny.o
 .ARM.attributes
                0x000000d7       0x2d ..\obj\delay.o
 .ARM.attributes
                0x00000104       0x2d ..\obj\stm32f10x_tim.o
 .ARM.attributes
                0x00000131       0x2d ..\obj\ds18b20.o
 .ARM.attributes
                0x0000015e       0x2d ..\obj\system_stm32f10x.o
 .ARM.attributes
                0x0000018b       0x2d ..\obj\startup_stm32f10x_md.o
 .ARM.attributes
                0x000001b8       0x2d ..\obj\stm32f10x_pwr.o
 .ARM.attributes
                0x000001e5       0x2d ..\obj\stm32f10x_gpio.o
 .ARM.attributes
                0x00000212       0x2d ..\obj\main.o
 .ARM.attributes
                0x0000023f       0x2d ..\obj\stm32f10x_rcc.o
 .ARM.attributes
                0x0000026c       0x2d ..\obj\nokia_5110.o
 .ARM.attributes
                0x00000299       0x2d ..\obj\stm32f10x_exti.o
 .ARM.attributes
                0x000002c6       0x2d ..\obj\stm32f10x_adc.o
 .ARM.attributes
                0x000002f3       0x2d ..\obj\key.o
 .ARM.attributes
                0x00000320       0x2d ..\obj\stm32f10x_usart.o
 .ARM.attributes
                0x0000034d       0x2d ..\obj\time.o
 .ARM.attributes
                0x0000037a       0x2d ..\obj\stm32f10x_flash.o
 .ARM.attributes
                0x000003a7       0x2d ..\obj\adc.o
 .ARM.attributes
                0x000003d4       0x2d ..\obj\misc.o
 .ARM.attributes
                0x00000401       0x2d ..\obj\stm32f10x_spi.o
 .ARM.attributes
                0x0000042e       0x2d ..\obj\stm32f10x_iwdg.o
 .ARM.attributes
                0x0000045b       0x1d c:/coocox/8 2018-q4-major/bin/../lib/gcc/arm-none-eabi/8.2.1/thumb/v7-m/nofp\libgcc.a(_arm_addsubsf3.o)
 .ARM.attributes
                0x00000478       0x1d c:/coocox/8 2018-q4-major/bin/../lib/gcc/arm-none-eabi/8.2.1/thumb/v7-m/nofp\libgcc.a(_arm_muldivsf3.o)
 .ARM.attributes
                0x00000495       0x1d c:/coocox/8 2018-q4-major/bin/../lib/gcc/arm-none-eabi/8.2.1/thumb/v7-m/nofp\libgcc.a(_arm_cmpsf2.o)
 .ARM.attributes
                0x000004b2       0x1d c:/coocox/8 2018-q4-major/bin/../lib/gcc/arm-none-eabi/8.2.1/thumb/v7-m/nofp\libgcc.a(_arm_fixunssfsi.o)
 .ARM.attributes
                0x000004cf       0x2d c:/coocox/8 2018-q4-major/bin/../lib/gcc/arm-none-eabi/8.2.1/../../../../arm-none-eabi/lib/thumb/v7-m/nofp\libc.a(lib_a-impure.o)
 .ARM.attributes
                0x000004fc       0x2d c:/coocox/8 2018-q4-major/bin/../lib/gcc/arm-none-eabi/8.2.1/../../../../arm-none-eabi/lib/thumb/v7-m/nofp\libc.a(lib_a-__call_atexit.o)
 .ARM.attributes
                0x00000529       0x2d c:/coocox/8 2018-q4-major/bin/../lib/gcc/arm-none-eabi/8.2.1/../../../../arm-none-eabi/lib/thumb/v7-m/nofp\libc.a(lib_a-atexit.o)
 .ARM.attributes
                0x00000556       0x2d c:/coocox/8 2018-q4-major/bin/../lib/gcc/arm-none-eabi/8.2.1/../../../../arm-none-eabi/lib/thumb/v7-m/nofp\libc.a(lib_a-fini.o)
 .ARM.attributes
                0x00000583       0x2d c:/coocox/8 2018-q4-major/bin/../lib/gcc/arm-none-eabi/8.2.1/../../../../arm-none-eabi/lib/thumb/v7-m/nofp\libc.a(lib_a-lock.o)
 .ARM.attributes
                0x000005b0       0x2d c:/coocox/8 2018-q4-major/bin/../lib/gcc/arm-none-eabi/8.2.1/../../../../arm-none-eabi/lib/thumb/v7-m/nofp\libc.a(lib_a-__atexit.o)
 .ARM.attributes
                0x000005dd       0x1d c:/coocox/8 2018-q4-major/bin/../lib/gcc/arm-none-eabi/8.2.1/thumb/v7-m/nofp/crtn.o

.comment        0x00000000       0x75
 .comment       0x00000000       0x75 ..\obj\stm32f10x_rtc.o
                                 0x76 (size before relaxing)
 .comment       0x00000075       0x76 ..\obj\prtf.o
 .comment       0x00000075       0x76 ..\obj\main_meny.o
 .comment       0x00000075       0x76 ..\obj\delay.o
 .comment       0x00000075       0x76 ..\obj\stm32f10x_tim.o
 .comment       0x00000075       0x76 ..\obj\ds18b20.o
 .comment       0x00000075       0x76 ..\obj\system_stm32f10x.o
 .comment       0x00000075       0x76 ..\obj\startup_stm32f10x_md.o
 .comment       0x00000075       0x76 ..\obj\stm32f10x_pwr.o
 .comment       0x00000075       0x76 ..\obj\stm32f10x_gpio.o
 .comment       0x00000075       0x76 ..\obj\main.o
 .comment       0x00000075       0x76 ..\obj\stm32f10x_rcc.o
 .comment       0x00000075       0x76 ..\obj\nokia_5110.o
 .comment       0x00000075       0x76 ..\obj\stm32f10x_exti.o
 .comment       0x00000075       0x76 ..\obj\stm32f10x_adc.o
 .comment       0x00000075       0x76 ..\obj\key.o
 .comment       0x00000075       0x76 ..\obj\stm32f10x_usart.o
 .comment       0x00000075       0x76 ..\obj\time.o
 .comment       0x00000075       0x76 ..\obj\stm32f10x_flash.o
 .comment       0x00000075       0x76 ..\obj\adc.o
 .comment       0x00000075       0x76 ..\obj\misc.o
 .comment       0x00000075       0x76 ..\obj\stm32f10x_spi.o
 .comment       0x00000075       0x76 ..\obj\stm32f10x_iwdg.o

.debug_info     0x00000000    0x1091c
 .debug_info    0x00000000      0x4e1 ..\obj\stm32f10x_rtc.o
 .debug_info    0x000004e1      0x3c8 ..\obj\prtf.o
 .debug_info    0x000008a9      0x39e ..\obj\main_meny.o
 .debug_info    0x00000c47      0x2b6 ..\obj\delay.o
 .debug_info    0x00000efd     0x2477 ..\obj\stm32f10x_tim.o
 .debug_info    0x00003374     0x151e ..\obj\ds18b20.o
 .debug_info    0x00004892      0x521 ..\obj\system_stm32f10x.o
 .debug_info    0x00004db3      0x14f ..\obj\startup_stm32f10x_md.o
 .debug_info    0x00004f02      0x55b ..\obj\stm32f10x_pwr.o
 .debug_info    0x0000545d      0x8bc ..\obj\stm32f10x_gpio.o
 .debug_info    0x00005d19     0x2478 ..\obj\main.o
 .debug_info    0x00008191      0x9df ..\obj\stm32f10x_rcc.o
 .debug_info    0x00008b70     0x1642 ..\obj\nokia_5110.o
 .debug_info    0x0000a1b2      0x3ac ..\obj\stm32f10x_exti.o
 .debug_info    0x0000a55e      0xd6b ..\obj\stm32f10x_adc.o
 .debug_info    0x0000b2c9     0x1764 ..\obj\key.o
 .debug_info    0x0000ca2d      0xc03 ..\obj\stm32f10x_usart.o
 .debug_info    0x0000d630      0xcfa ..\obj\time.o
 .debug_info    0x0000e32a      0xae7 ..\obj\stm32f10x_flash.o
 .debug_info    0x0000ee11      0x870 ..\obj\adc.o
 .debug_info    0x0000f681      0x5b2 ..\obj\misc.o
 .debug_info    0x0000fc33      0xab2 ..\obj\stm32f10x_spi.o
 .debug_info    0x000106e5      0x237 ..\obj\stm32f10x_iwdg.o

.debug_abbrev   0x00000000     0x3524
 .debug_abbrev  0x00000000      0x223 ..\obj\stm32f10x_rtc.o
 .debug_abbrev  0x00000223      0x197 ..\obj\prtf.o
 .debug_abbrev  0x000003ba       0xda ..\obj\main_meny.o
 .debug_abbrev  0x00000494      0x18f ..\obj\delay.o
 .debug_abbrev  0x00000623      0x347 ..\obj\stm32f10x_tim.o
 .debug_abbrev  0x0000096a      0x455 ..\obj\ds18b20.o
 .debug_abbrev  0x00000dbf      0x1d3 ..\obj\system_stm32f10x.o
 .debug_abbrev  0x00000f92       0xf3 ..\obj\startup_stm32f10x_md.o
 .debug_abbrev  0x00001085      0x1fc ..\obj\stm32f10x_pwr.o
 .debug_abbrev  0x00001281      0x262 ..\obj\stm32f10x_gpio.o
 .debug_abbrev  0x000014e3      0x3b8 ..\obj\main.o
 .debug_abbrev  0x0000189b      0x22a ..\obj\stm32f10x_rcc.o
 .debug_abbrev  0x00001ac5      0x3dc ..\obj\nokia_5110.o
 .debug_abbrev  0x00001ea1      0x1f8 ..\obj\stm32f10x_exti.o
 .debug_abbrev  0x00002099      0x22e ..\obj\stm32f10x_adc.o
 .debug_abbrev  0x000022c7      0x363 ..\obj\key.o
 .debug_abbrev  0x0000262a      0x220 ..\obj\stm32f10x_usart.o
 .debug_abbrev  0x0000284a      0x326 ..\obj\time.o
 .debug_abbrev  0x00002b70      0x294 ..\obj\stm32f10x_flash.o
 .debug_abbrev  0x00002e04      0x1dc ..\obj\adc.o
 .debug_abbrev  0x00002fe0      0x1ad ..\obj\misc.o
 .debug_abbrev  0x0000318d      0x236 ..\obj\stm32f10x_spi.o
 .debug_abbrev  0x000033c3      0x161 ..\obj\stm32f10x_iwdg.o

.debug_loc      0x00000000     0x8188
 .debug_loc     0x00000000      0x236 ..\obj\stm32f10x_rtc.o
 .debug_loc     0x00000236      0x637 ..\obj\prtf.o
 .debug_loc     0x0000086d       0xa6 ..\obj\delay.o
 .debug_loc     0x00000913     0x1f39 ..\obj\stm32f10x_tim.o
 .debug_loc     0x0000284c      0x9e3 ..\obj\ds18b20.o
 .debug_loc     0x0000322f       0xb8 ..\obj\system_stm32f10x.o
 .debug_loc     0x000032e7       0x6f ..\obj\startup_stm32f10x_md.o
 .debug_loc     0x00003356      0x133 ..\obj\stm32f10x_pwr.o
 .debug_loc     0x00003489      0x657 ..\obj\stm32f10x_gpio.o
 .debug_loc     0x00003ae0      0x31d ..\obj\main.o
 .debug_loc     0x00003dfd      0x736 ..\obj\stm32f10x_rcc.o
 .debug_loc     0x00004533      0x9b4 ..\obj\nokia_5110.o
 .debug_loc     0x00004ee7      0x200 ..\obj\stm32f10x_exti.o
 .debug_loc     0x000050e7      0xc78 ..\obj\stm32f10x_adc.o
 .debug_loc     0x00005d5f      0x1b7 ..\obj\key.o
 .debug_loc     0x00005f16      0x90a ..\obj\stm32f10x_usart.o
 .debug_loc     0x00006820      0x6ae ..\obj\time.o
 .debug_loc     0x00006ece      0x8de ..\obj\stm32f10x_flash.o
 .debug_loc     0x000077ac      0x12e ..\obj\adc.o
 .debug_loc     0x000078da      0x19b ..\obj\misc.o
 .debug_loc     0x00007a75      0x6a7 ..\obj\stm32f10x_spi.o
 .debug_loc     0x0000811c       0x6c ..\obj\stm32f10x_iwdg.o

.debug_aranges  0x00000000      0xe78
 .debug_aranges
                0x00000000       0x80 ..\obj\stm32f10x_rtc.o
 .debug_aranges
                0x00000080       0x48 ..\obj\prtf.o
 .debug_aranges
                0x000000c8       0x18 ..\obj\main_meny.o
 .debug_aranges
                0x000000e0       0x48 ..\obj\delay.o
 .debug_aranges
                0x00000128      0x2d0 ..\obj\stm32f10x_tim.o
 .debug_aranges
                0x000003f8       0xf0 ..\obj\ds18b20.o
 .debug_aranges
                0x000004e8       0x28 ..\obj\system_stm32f10x.o
 .debug_aranges
                0x00000510       0x28 ..\obj\startup_stm32f10x_md.o
 .debug_aranges
                0x00000538       0x60 ..\obj\stm32f10x_pwr.o
 .debug_aranges
                0x00000598       0xa8 ..\obj\stm32f10x_gpio.o
 .debug_aranges
                0x00000640       0xb0 ..\obj\main.o
 .debug_aranges
                0x000006f0      0x118 ..\obj\stm32f10x_rcc.o
 .debug_aranges
                0x00000808       0x88 ..\obj\nokia_5110.o
 .debug_aranges
                0x00000890       0x50 ..\obj\stm32f10x_exti.o
 .debug_aranges
                0x000008e0      0x138 ..\obj\stm32f10x_adc.o
 .debug_aranges
                0x00000a18       0xa8 ..\obj\key.o
 .debug_aranges
                0x00000ac0      0x100 ..\obj\stm32f10x_usart.o
 .debug_aranges
                0x00000bc0       0x50 ..\obj\time.o
 .debug_aranges
                0x00000c10       0xd8 ..\obj\stm32f10x_flash.o
 .debug_aranges
                0x00000ce8       0x38 ..\obj\adc.o
 .debug_aranges
                0x00000d20       0x40 ..\obj\misc.o
 .debug_aranges
                0x00000d60       0xd0 ..\obj\stm32f10x_spi.o
 .debug_aranges
                0x00000e30       0x48 ..\obj\stm32f10x_iwdg.o

.debug_ranges   0x00000000      0xde0
 .debug_ranges  0x00000000       0x70 ..\obj\stm32f10x_rtc.o
 .debug_ranges  0x00000070       0x38 ..\obj\prtf.o
 .debug_ranges  0x000000a8       0x38 ..\obj\delay.o
 .debug_ranges  0x000000e0      0x308 ..\obj\stm32f10x_tim.o
 .debug_ranges  0x000003e8       0xe0 ..\obj\ds18b20.o
 .debug_ranges  0x000004c8       0x30 ..\obj\system_stm32f10x.o
 .debug_ranges  0x000004f8       0x18 ..\obj\startup_stm32f10x_md.o
 .debug_ranges  0x00000510       0x50 ..\obj\stm32f10x_pwr.o
 .debug_ranges  0x00000560       0x98 ..\obj\stm32f10x_gpio.o
 .debug_ranges  0x000005f8      0x120 ..\obj\main.o
 .debug_ranges  0x00000718      0x108 ..\obj\stm32f10x_rcc.o
 .debug_ranges  0x00000820       0x78 ..\obj\nokia_5110.o
 .debug_ranges  0x00000898       0x40 ..\obj\stm32f10x_exti.o
 .debug_ranges  0x000008d8      0x128 ..\obj\stm32f10x_adc.o
 .debug_ranges  0x00000a00       0x98 ..\obj\key.o
 .debug_ranges  0x00000a98       0xf0 ..\obj\stm32f10x_usart.o
 .debug_ranges  0x00000b88       0x40 ..\obj\time.o
 .debug_ranges  0x00000bc8       0xc8 ..\obj\stm32f10x_flash.o
 .debug_ranges  0x00000c90       0x28 ..\obj\adc.o
 .debug_ranges  0x00000cb8       0x30 ..\obj\misc.o
 .debug_ranges  0x00000ce8       0xc0 ..\obj\stm32f10x_spi.o
 .debug_ranges  0x00000da8       0x38 ..\obj\stm32f10x_iwdg.o

.debug_line     0x00000000     0xad8e
 .debug_line    0x00000000      0x438 ..\obj\stm32f10x_rtc.o
 .debug_line    0x00000438      0x611 ..\obj\prtf.o
 .debug_line    0x00000a49      0x25e ..\obj\main_meny.o
 .debug_line    0x00000ca7      0x2c2 ..\obj\delay.o
 .debug_line    0x00000f69     0x1ad2 ..\obj\stm32f10x_tim.o
 .debug_line    0x00002a3b      0xbd6 ..\obj\ds18b20.o
 .debug_line    0x00003611      0x363 ..\obj\system_stm32f10x.o
 .debug_line    0x00003974       0xef ..\obj\startup_stm32f10x_md.o
 .debug_line    0x00003a63      0x404 ..\obj\stm32f10x_pwr.o
 .debug_line    0x00003e67      0x744 ..\obj\stm32f10x_gpio.o
 .debug_line    0x000045ab     0x11e4 ..\obj\main.o
 .debug_line    0x0000578f      0x90d ..\obj\stm32f10x_rcc.o
 .debug_line    0x0000609c      0x96e ..\obj\nokia_5110.o
 .debug_line    0x00006a0a      0x3dc ..\obj\stm32f10x_exti.o
 .debug_line    0x00006de6      0xb07 ..\obj\stm32f10x_adc.o
 .debug_line    0x000078ed      0xa00 ..\obj\key.o
 .debug_line    0x000082ed      0x980 ..\obj\stm32f10x_usart.o
 .debug_line    0x00008c6d      0x523 ..\obj\time.o
 .debug_line    0x00009190      0xa14 ..\obj\stm32f10x_flash.o
 .debug_line    0x00009ba4      0x414 ..\obj\adc.o
 .debug_line    0x00009fb8      0x355 ..\obj\misc.o
 .debug_line    0x0000a30d      0x7eb ..\obj\stm32f10x_spi.o
 .debug_line    0x0000aaf8      0x296 ..\obj\stm32f10x_iwdg.o

.debug_str      0x00000000     0x3c3e
 .debug_str     0x00000000      0x3e1 ..\obj\stm32f10x_rtc.o
                                0x451 (size before relaxing)
 .debug_str     0x000003e1       0x5e ..\obj\prtf.o
                                0x24d (size before relaxing)
 .debug_str     0x0000043f      0x102 ..\obj\main_meny.o
                                0x312 (size before relaxing)
 .debug_str     0x00000541       0x8b ..\obj\delay.o
                                0x27c (size before relaxing)
 .debug_str     0x000005cc      0xbcd ..\obj\stm32f10x_tim.o
                                0xeba (size before relaxing)
 .debug_str     0x00001199      0x4a2 ..\obj\ds18b20.o
                                0x77c (size before relaxing)
 .debug_str     0x0000163b      0x17c ..\obj\system_stm32f10x.o
                                0x38e (size before relaxing)
 .debug_str     0x000017b7       0xe6 ..\obj\startup_stm32f10x_md.o
                                0x20d (size before relaxing)
 .debug_str     0x0000189d      0x146 ..\obj\stm32f10x_pwr.o
                                0x3e8 (size before relaxing)
 .debug_str     0x000019e3      0x22d ..\obj\stm32f10x_gpio.o
                                0x5df (size before relaxing)
 .debug_str     0x00001c10      0x337 ..\obj\main.o
                                0x864 (size before relaxing)
 .debug_str     0x00001f47      0x37a ..\obj\stm32f10x_rcc.o
                                0x6c9 (size before relaxing)
 .debug_str     0x000022c1      0x50b ..\obj\nokia_5110.o
                                0xb74 (size before relaxing)
 .debug_str     0x000027cc      0x1da ..\obj\stm32f10x_exti.o
                                0x3f8 (size before relaxing)
 .debug_str     0x000029a6      0x552 ..\obj\stm32f10x_adc.o
                                0x7c1 (size before relaxing)
 .debug_str     0x00002ef8      0x11f ..\obj\key.o
                                0xc08 (size before relaxing)
 .debug_str     0x00003017      0x367 ..\obj\stm32f10x_usart.o
                                0x77f (size before relaxing)
 .debug_str     0x0000337e       0x73 ..\obj\time.o
                                0x95f (size before relaxing)
 .debug_str     0x000033f1      0x384 ..\obj\stm32f10x_flash.o
                                0x697 (size before relaxing)
 .debug_str     0x00003775       0x52 ..\obj\adc.o
                                0x584 (size before relaxing)
 .debug_str     0x000037c7       0xec ..\obj\misc.o
                                0x46d (size before relaxing)
 .debug_str     0x000038b3      0x29f ..\obj\stm32f10x_spi.o
                                0x6ec (size before relaxing)
 .debug_str     0x00003b52       0xec ..\obj\stm32f10x_iwdg.o
                                0x30b (size before relaxing)

.debug_frame    0x00000000     0x252c
 .debug_frame   0x00000000      0x114 ..\obj\stm32f10x_rtc.o
 .debug_frame   0x00000114       0xac ..\obj\prtf.o
 .debug_frame   0x000001c0       0x84 ..\obj\delay.o
 .debug_frame   0x00000244      0x6b0 ..\obj\stm32f10x_tim.o
 .debug_frame   0x000008f4      0x304 ..\obj\ds18b20.o
 .debug_frame   0x00000bf8       0x38 ..\obj\system_stm32f10x.o
 .debug_frame   0x00000c30       0x40 ..\obj\startup_stm32f10x_md.o
 .debug_frame   0x00000c70       0xac ..\obj\stm32f10x_pwr.o
 .debug_frame   0x00000d1c      0x170 ..\obj\stm32f10x_gpio.o
 .debug_frame   0x00000e8c      0x270 ..\obj\main.o
 .debug_frame   0x000010fc      0x220 ..\obj\stm32f10x_rcc.o
 .debug_frame   0x0000131c      0x1ac ..\obj\nokia_5110.o
 .debug_frame   0x000014c8       0x9c ..\obj\stm32f10x_exti.o
 .debug_frame   0x00001564      0x290 ..\obj\stm32f10x_adc.o
 .debug_frame   0x000017f4      0x204 ..\obj\key.o
 .debug_frame   0x000019f8      0x224 ..\obj\stm32f10x_usart.o
 .debug_frame   0x00001c1c       0xb8 ..\obj\time.o
 .debug_frame   0x00001cd4      0x244 ..\obj\stm32f10x_flash.o
 .debug_frame   0x00001f18       0x78 ..\obj\adc.o
 .debug_frame   0x00001f90       0x6c ..\obj\misc.o
 .debug_frame   0x00001ffc      0x1c0 ..\obj\stm32f10x_spi.o
 .debug_frame   0x000021bc       0x70 ..\obj\stm32f10x_iwdg.o
 .debug_frame   0x0000222c       0x4c c:/coocox/8 2018-q4-major/bin/../lib/gcc/arm-none-eabi/8.2.1/thumb/v7-m/nofp\libgcc.a(_arm_addsubsf3.o)
 .debug_frame   0x00002278       0x38 c:/coocox/8 2018-q4-major/bin/../lib/gcc/arm-none-eabi/8.2.1/thumb/v7-m/nofp\libgcc.a(_arm_muldivsf3.o)
 .debug_frame   0x000022b0       0xc8 c:/coocox/8 2018-q4-major/bin/../lib/gcc/arm-none-eabi/8.2.1/thumb/v7-m/nofp\libgcc.a(_arm_cmpsf2.o)
 .debug_frame   0x00002378       0x24 c:/coocox/8 2018-q4-major/bin/../lib/gcc/arm-none-eabi/8.2.1/thumb/v7-m/nofp\libgcc.a(_arm_fixunssfsi.o)
 .debug_frame   0x0000239c       0x5c c:/coocox/8 2018-q4-major/bin/../lib/gcc/arm-none-eabi/8.2.1/../../../../arm-none-eabi/lib/thumb/v7-m/nofp\libc.a(lib_a-__call_atexit.o)
 .debug_frame   0x000023f8       0x20 c:/coocox/8 2018-q4-major/bin/../lib/gcc/arm-none-eabi/8.2.1/../../../../arm-none-eabi/lib/thumb/v7-m/nofp\libc.a(lib_a-atexit.o)
 .debug_frame   0x00002418       0x34 c:/coocox/8 2018-q4-major/bin/../lib/gcc/arm-none-eabi/8.2.1/../../../../arm-none-eabi/lib/thumb/v7-m/nofp\libc.a(lib_a-fini.o)
 .debug_frame   0x0000244c       0xb0 c:/coocox/8 2018-q4-major/bin/../lib/gcc/arm-none-eabi/8.2.1/../../../../arm-none-eabi/lib/thumb/v7-m/nofp\libc.a(lib_a-lock.o)
 .debug_frame   0x000024fc       0x30 c:/coocox/8 2018-q4-major/bin/../lib/gcc/arm-none-eabi/8.2.1/../../../../arm-none-eabi/lib/thumb/v7-m/nofp\libc.a(lib_a-__atexit.o)
